Component: ARM Compiler 5.06 update 2 (build 183) Tool: armlink [4d35b7]

==============================================================================

Section Cross References

    main.o(.text) refers to delay.o(.text) for delay_ms
    main.o(.text) refers to bsp.o(.text) for BSP_Init
    main.o(.text) refers to up_down.o(.text) for up_down_pidinit
    main.o(.text) refers to chassis.o(.text) for IncPIDInit_200
    main.o(.text) refers to uart4.o(.text) for telecontrol_Init
    main.o(.text) refers to trailer.o(.text) for trailer_pidinit
    main.o(.text) refers to printf1.o(i.__0printf$1) for __2printf
    main.o(.text) refers to tim4.o(.text) for TIM4_Configuration
    main.o(.text) refers to can1.o(.data) for motor_encoder
    main.o(.text) refers to main.o(.bss) for intial_encoder
    main.o(.text) refers to main.o(.conststring) for .conststring
    bsp.o(.text) refers to can1.o(.text) for CAN1_Configuration
    bsp.o(.text) refers to can2.o(.text) for CAN2_Configuration
    bsp.o(.text) refers to uart4.o(.text) for UART4_Configuration
    bsp.o(.text) refers to usart2.o(.text) for USART2_Configuration
    bsp.o(.text) refers to key.o(.text) for KEY_Configuration
    bsp.o(.text) refers to air_cylinder.o(.text) for air_cylinder_Configuration
    ad.o(.text) refers to stm32f4xx_rcc.o(.text) for RCC_APB2PeriphClockCmd
    ad.o(.text) refers to stm32f4xx_gpio.o(.text) for GPIO_Init
    ad.o(.text) refers to stm32f4xx_adc.o(.text) for ADC_Init
    air_cylinder.o(.text) refers to stm32f4xx_rcc.o(.text) for RCC_AHB1PeriphClockCmd
    air_cylinder.o(.text) refers to stm32f4xx_gpio.o(.text) for GPIO_Init
    led.o(.text) refers to stm32f4xx_rcc.o(.text) for RCC_AHB1PeriphClockCmd
    led.o(.text) refers to stm32f4xx_gpio.o(.text) for GPIO_Init
    key.o(.text) refers to stm32f4xx_rcc.o(.text) for RCC_AHB1PeriphClockCmd
    key.o(.text) refers to stm32f4xx_gpio.o(.text) for GPIO_Init
    timer.o(.text) refers to stm32f4xx_rcc.o(.text) for RCC_APB1PeriphClockCmd
    timer.o(.text) refers to stm32f4xx_tim.o(.text) for TIM_TimeBaseInit
    timer.o(.text) refers to misc.o(.text) for NVIC_Init
    timer.o(.text) refers to timer.o(.data) for timer2_flag
    tim4.o(.text) refers to stm32f4xx_rcc.o(.text) for RCC_APB1PeriphClockCmd
    tim4.o(.text) refers to stm32f4xx_tim.o(.text) for TIM_TimeBaseInit
    tim4.o(.text) refers to misc.o(.text) for NVIC_Init
    tim4.o(.text) refers to motor.o(.text) for motor_perform
    pwm.o(.text) refers to stm32f4xx_rcc.o(.text) for RCC_AHB1PeriphClockCmd
    pwm.o(.text) refers to stm32f4xx_gpio.o(.text) for GPIO_Init
    pwm.o(.text) refers to stm32f4xx_tim.o(.text) for TIM_TimeBaseInit
    encoder.o(.text) refers to stm32f4xx_rcc.o(.text) for RCC_AHB1PeriphClockCmd
    encoder.o(.text) refers to stm32f4xx_gpio.o(.text) for GPIO_Init
    encoder.o(.text) refers to stm32f4xx_tim.o(.text) for TIM_EncoderInterfaceConfig
    can1.o(.text) refers to stm32f4xx_rcc.o(.text) for RCC_AHB1PeriphClockCmd
    can1.o(.text) refers to stm32f4xx_gpio.o(.text) for GPIO_PinAFConfig
    can1.o(.text) refers to misc.o(.text) for NVIC_Init
    can1.o(.text) refers to stm32f4xx_can.o(.text) for CAN_DeInit
    can1.o(.text) refers to can1.o(.data) for motor_speed
    can2.o(.text) refers to stm32f4xx_rcc.o(.text) for RCC_AHB1PeriphClockCmd
    can2.o(.text) refers to stm32f4xx_gpio.o(.text) for GPIO_PinAFConfig
    can2.o(.text) refers to misc.o(.text) for NVIC_Init
    can2.o(.text) refers to stm32f4xx_can.o(.text) for CAN_DeInit
    can2.o(.text) refers to can2.o(.data) for photoswitch1
    uart4.o(.text) refers to stm32f4xx_rcc.o(.text) for RCC_AHB1PeriphClockCmd
    uart4.o(.text) refers to stm32f4xx_gpio.o(.text) for GPIO_PinAFConfig
    uart4.o(.text) refers to stm32f4xx_usart.o(.text) for USART_Init
    uart4.o(.text) refers to misc.o(.text) for NVIC_Init
    uart4.o(.text) refers to stm32f4xx_dma.o(.text) for DMA_DeInit
    uart4.o(.text) refers to can2.o(.text) for CAN2_Send_D_BUS_Msg
    uart4.o(.text) refers to uart4.o(.bss) for sbus_rx_buffer
    uart4.o(.text) refers to uart4.o(.data) for UART4temp
    usart3.o(.text) refers to stm32f4xx_rcc.o(.text) for RCC_AHB1PeriphClockCmd
    usart3.o(.text) refers to stm32f4xx_gpio.o(.text) for GPIO_PinAFConfig
    usart3.o(.text) refers to stm32f4xx_usart.o(.text) for USART_DeInit
    usart3.o(.text) refers to misc.o(.text) for NVIC_Init
    usart3.o(.text) refers to usart3.o(.data) for Rx_data_3
    usart3.o(.text) refers to up_down.o(.bss) for pid_up_down
    usart2.o(.text) refers to stm32f4xx_rcc.o(.text) for RCC_AHB1PeriphClockCmd
    usart2.o(.text) refers to stm32f4xx_gpio.o(.text) for GPIO_PinAFConfig
    usart2.o(.text) refers to stm32f4xx_usart.o(.text) for USART_DeInit
    usart2.o(.text) refers to misc.o(.text) for NVIC_Init
    usart2.o(.text) refers to usart2.o(.data) for Rx_data_2
    usart2.o(.text) refers to trailer.o(.bss) for pid_trailer
    motor.o(.text) refers to trailer.o(.text) for trailer_motor
[...]
    printf4.o(i.__0vsprintf$4) refers to printf4.o(i._printf_core) for _printf_core
    printf4.o(i.__0vsprintf$4) refers to printf4.o(i._sputc) for _sputc
    printf4.o(i._printf_core) refers to uldiv.o(.text) for __aeabi_uldivmod
    printf5.o(i.__0fprintf$5) refers to printf5.o(i._printf_core) for _printf_core
    printf5.o(i.__0fprintf$5) refers to usart2.o(.text) for fputc
    printf5.o(i.__0printf$5) refers to printf5.o(i._printf_core) for _printf_core
    printf5.o(i.__0printf$5) refers to usart2.o(.text) for fputc
    printf5.o(i.__0printf$5) refers to stdout.o(.data) for __stdout
    printf5.o(i.__0snprintf$5) refers to printf5.o(i._printf_core) for _printf_core
    printf5.o(i.__0snprintf$5) refers to printf5.o(i._snputc) for _snputc
    printf5.o(i.__0sprintf$5) refers to printf5.o(i._printf_core) for _printf_core
    printf5.o(i.__0sprintf$5) refers to printf5.o(i._sputc) for _sputc
    printf5.o(i.__0vfprintf$5) refers to printf5.o(i._printf_core) for _printf_core
    printf5.o(i.__0vfprintf$5) refers to usart2.o(.text) for fputc
    printf5.o(i.__0vprintf$5) refers to printf5.o(i._printf_core) for _printf_core
    printf5.o(i.__0vprintf$5) refers to usart2.o(.text) for fputc
    printf5.o(i.__0vprintf$5) refers to stdout.o(.data) for __stdout
    printf5.o(i.__0vsnprintf$5) refers to printf5.o(i._printf_core) for _printf_core
    printf5.o(i.__0vsnprintf$5) refers to printf5.o(i._snputc) for _snputc
    printf5.o(i.__0vsprintf$5) refers to printf5.o(i._printf_core) for _printf_core
    printf5.o(i.__0vsprintf$5) refers to printf5.o(i._sputc) for _sputc
    printf5.o(i._printf_core) refers to uldiv.o(.text) for __aeabi_uldivmod
    printf6.o(i.__0fprintf$6) refers to printf6.o(i._printf_core) for _printf_core
    printf6.o(i.__0fprintf$6) refers to usart2.o(.text) for fputc
    printf6.o(i.__0printf$6) refers to printf6.o(i._printf_core) for _printf_core
    printf6.o(i.__0printf$6) refers to usart2.o(.text) for fputc
    printf6.o(i.__0printf$6) refers to stdout.o(.data) for __stdout
    printf6.o(i.__0snprintf$6) refers to printf6.o(i._printf_core) for _printf_core
    printf6.o(i.__0snprintf$6) refers to printf6.o(i._snputc) for _snputc
    printf6.o(i.__0sprintf$6) refers to printf6.o(i._printf_core) for _printf_core
    printf6.o(i.__0sprintf$6) refers to printf6.o(i._sputc) for _sputc
    printf6.o(i.__0vfprintf$6) refers to printf6.o(i._printf_core) for _printf_core
    printf6.o(i.__0vfprintf$6) refers to usart2.o(.text) for fputc
    printf6.o(i.__0vprintf$6) refers to printf6.o(i._printf_core) for _printf_core
    printf6.o(i.__0vprintf$6) refers to usart2.o(.text) for fputc
    printf6.o(i.__0vprintf$6) refers to stdout.o(.data) for __stdout
    printf6.o(i.__0vsnprintf$6) refers to printf6.o(i._printf_core) for _printf_core
    printf6.o(i.__0vsnprintf$6) refers to printf6.o(i._snputc) for _snputc
    printf6.o(i.__0vsprintf$6) refers to printf6.o(i._printf_core) for _printf_core
    printf6.o(i.__0vsprintf$6) refers to printf6.o(i._sputc) for _sputc
    printf6.o(i._printf_core) refers to printf6.o(i._printf_pre_padding) for _printf_pre_padding
    printf6.o(i._printf_core) refers to uidiv.o(.text) for __aeabi_uidivmod
    printf6.o(i._printf_core) refers to printf6.o(i._printf_post_padding) for _printf_post_padding
    printf7.o(i.__0fprintf$7) refers to printf7.o(i._printf_core) for _printf_core
    printf7.o(i.__0fprintf$7) refers to usart2.o(.text) for fputc
    printf7.o(i.__0printf$7) refers to printf7.o(i._printf_core) for _printf_core
    printf7.o(i.__0printf$7) refers to usart2.o(.text) for fputc
    printf7.o(i.__0printf$7) refers to stdout.o(.data) for __stdout
    printf7.o(i.__0snprintf$7) refers to printf7.o(i._printf_core) for _printf_core
    printf7.o(i.__0snprintf$7) refers to printf7.o(i._snputc) for _snputc
    printf7.o(i.__0sprintf$7) refers to printf7.o(i._printf_core) for _printf_core
    printf7.o(i.__0sprintf$7) refers to printf7.o(i._sputc) for _sputc
    printf7.o(i.__0vfprintf$7) refers to printf7.o(i._printf_core) for _printf_core
    printf7.o(i.__0vfprintf$7) refers to usart2.o(.text) for fputc
    printf7.o(i.__0vprintf$7) refers to printf7.o(i._printf_core) for _printf_core
    printf7.o(i.__0vprintf$7) refers to usart2.o(.text) for fputc
    printf7.o(i.__0vprintf$7) refers to stdout.o(.data) for __stdout
    printf7.o(i.__0vsnprintf$7) refers to printf7.o(i._printf_core) for _printf_core
    printf7.o(i.__0vsnprintf$7) refers to printf7.o(i._snputc) for _snputc
    printf7.o(i.__0vsprintf$7) refers to printf7.o(i._printf_core) for _printf_core
    printf7.o(i.__0vsprintf$7) refers to printf7.o(i._sputc) for _sputc
    printf7.o(i._printf_core) refers to printf7.o(i._printf_pre_padding) for _printf_pre_padding
    printf7.o(i._printf_core) refers to uldiv.o(.text) for __aeabi_uldivmod
    printf7.o(i._printf_core) refers to printf7.o(i._printf_post_padding) for _printf_post_padding
    printf8.o(i.__0fprintf$8) refers to printf8.o(i._printf_core) for _printf_core
    printf8.o(i.__0fprintf$8) refers to usart2.o(.text) for fputc
    printf8.o(i.__0printf$8) refers to printf8.o(i._printf_core) for _printf_core
    printf8.o(i.__0printf$8) refers to usart2.o(.text) for fputc
    printf8.o(i.__0printf$8) refers to stdout.o(.data) for __stdout
    printf8.o(i.__0snprintf$8) refers to printf8.o(i._printf_core) for _printf_core
    printf8.o(i.__0snprintf$8) refers to printf8.o(i._snputc) for _snputc
    printf8.o(i.__0sprintf$8) refers to printf8.o(i._printf_core) for _printf_core
    printf8.o(i.__0sprintf$8) refers to printf8.o(i._sputc) for _sputc
    printf8.o(i.__0vfprintf$8) refers to printf8.o(i._printf_core) for _printf_core
    printf8.o(i.__0vfprintf$8) refers to usart2.o(.text) for fputc
    printf8.o(i.__0vprintf$8) refers to printf8.o(i._printf_core) for _printf_core
    printf8.o(i.__0vprintf$8) refers to usart2.o(.text) for fputc
    printf8.o(i.__0vprintf$8) refers to stdout.o(.data) for __stdout
    printf8.o(i.__0vsnprintf$8) refers to printf8.o(i._printf_core) for _printf_core
    printf8.o(i.__0vsnprintf$8) refers to printf8.o(i._snputc) for _snputc
    printf8.o(i.__0vsprintf$8) refers to printf8.o(i._printf_core) for _printf_core
    printf8.o(i.__0vsprintf$8) refers to printf8.o(i._sputc) for _sputc
    printf8.o(i._printf_core) refers to printf8.o(i._printf_pre_padding) for _printf_pre_padding
    printf8.o(i._printf_core) refers to uldiv.o(.text) for __aeabi_uldivmod
    printf8.o(i._printf_core) refers to printf8.o(i._printf_post_padding) for _printf_post_padding
    printfa.o(i.__0fprintf) refers (Special) to iusefp.o(.text) for __I$use$fp
    printfa.o(i.__0fprintf) refers to printfa.o(i._printf_core) for _printf_core
    printfa.o(i.__0fprintf) refers to usart2.o(.text) for fputc
    printfa.o(i.__0printf) refers (Special) to iusefp.o(.text) for __I$use$fp
    printfa.o(i.__0printf) refers to printfa.o(i._printf_core) for _printf_core
    printfa.o(i.__0printf) refers to usart2.o(.text) for fputc
    printfa.o(i.__0printf) refers to stdout.o(.data) for __stdout
    printfa.o(i.__0snprintf) refers (Special) to iusefp.o(.text) for __I$use$fp
    printfa.o(i.__0snprintf) refers to printfa.o(i._printf_core) for _printf_core
    printfa.o(i.__0snprintf) refers to printfa.o(i._snputc) for _snputc
    printfa.o(i.__0sprintf) refers (Special) to iusefp.o(.text) for __I$use$fp
    printfa.o(i.__0sprintf) refers to printfa.o(i._printf_core) for _printf_core
    printfa.o(i.__0sprintf) refers to printfa.o(i._sputc) for _sputc
    printfa.o(i.__0vfprintf) refers (Special) to iusefp.o(.text) for __I$use$fp
    printfa.o(i.__0vfprintf) refers to printfa.o(i._printf_core) for _printf_core
    printfa.o(i.__0vfprintf) refers to usart2.o(.text) for fputc
    printfa.o(i.__0vprintf) refers (Special) to iusefp.o(.text) for __I$use$fp
    printfa.o(i.__0vprintf) refers to printfa.o(i._printf_core) for _printf_core
    printfa.o(i.__0vprintf) refers to usart2.o(.text) for fputc
    printfa.o(i.__0vprintf) refers to stdout.o(.data) for __stdout
    printfa.o(i.__0vsnprintf) refers (Special) to iusefp.o(.text) for __I$use$fp
    printfa.o(i.__0vsnprintf) refers to printfa.o(i._printf_core) for _printf_core
    printfa.o(i.__0vsnprintf) refers to printfa.o(i._snputc) for _snputc
    printfa.o(i.__0vsprintf) refers (Special) to iusefp.o(.text) for __I$use$fp
    printfa.o(i.__0vsprintf) refers to printfa.o(i._printf_core) for _printf_core
    printfa.o(i.__0vsprintf) refers to printfa.o(i._sputc) for _sputc
    printfa.o(i._fp_digits) refers (Special) to iusefp.o(.text) for __I$use$fp
    printfa.o(i._fp_digits) refers to dmul.o(.text) for __aeabi_dmul
    printfa.o(i._fp_digits) refers to ddiv.o(.text) for __aeabi_ddiv
    printfa.o(i._fp_digits) refers to cdrcmple.o(.text) for __aeabi_cdrcmple
    printfa.o(i._fp_digits) refers to dadd.o(.text) for __aeabi_dadd
    printfa.o(i._fp_digits) refers to dfixul.o(.text) for __aeabi_d2ulz
    printfa.o(i._fp_digits) refers to uldiv.o(.text) for __aeabi_uldivmod
    printfa.o(i._printf_core) refers (Special) to iusefp.o(.text) for __I$use$fp
    printfa.o(i._printf_core) refers to printfa.o(i._printf_pre_padding) for _printf_pre_padding
    printfa.o(i._printf_core) refers to uldiv.o(.text) for __aeabi_uldivmod
    printfa.o(i._printf_core) refers to printfa.o(i._printf_post_padding) for _printf_post_padding
    printfa.o(i._printf_core) refers to printfa.o(i._fp_digits) for _fp_digits
    printfa.o(i._printf_core) refers to uidiv.o(.text) for __aeabi_uidivmod
    printfa.o(i._printf_post_padding) refers (Special) to iusefp.o(.text) for __I$use$fp
    printfa.o(i._printf_pre_padding) refers (Special) to iusefp.o(.text) for __I$use$fp
    printfa.o(i._snputc) refers (Special) to iusefp.o(.text) for __I$use$fp
    printfa.o(i._sputc) refers (Special) to iusefp.o(.text) for __I$use$fp
    entry2.o(.ARM.Collect$$$$00000001) refers to entry2.o(.ARM.Collect$$$$00002712) for __lit__00000000
    entry2.o(.ARM.Collect$$$$00002712) refers to startup_stm32f4xx.o(STACK) for __initial_sp
    entry2.o(__vectab_stack_and_reset_area) refers to startup_stm32f4xx.o(STACK) for __initial_sp
    entry2.o(__vectab_stack_and_reset_area) refers to entry.o(.ARM.Collect$$$$00000000) for __main
    entry5.o(.ARM.Collect$$$$00000004) refers to init.o(.text) for __scatterload
    entry9a.o(.ARM.Collect$$$$0000000B) refers to main.o(.text) for main
    entry9b.o(.ARM.Collect$$$$0000000C) refers to main.o(.text) for main
    uldiv.o(.text) refers to llushr.o(.text) for __aeabi_llsr
    uldiv.o(.text) refers to llshl.o(.text) for __aeabi_llsl
    dadd.o(.text) refers to llshl.o(.text) for __aeabi_llsl
    dadd.o(.text) refers to llsshr.o(.text) for __aeabi_lasr
    dadd.o(.text) refers to depilogue.o(.text) for _double_epilogue
    dmul.o(.text) refers to depilogue.o(.text) for _double_epilogue
    ddiv.o(.text) refers to depilogue.o(.text) for _double_round
    dfixul.o(.text) refers to llushr.o(.text) for __aeabi_llsr
    dfixul.o(.text) refers to llshl.o(.text) for __aeabi_llsl
    init.o(.text) refers to entry5.o(.ARM.Collect$$$$00000004) for __main_after_scatterload
    depilogue.o(.text) refers to llshl.o(.text) for __aeabi_llsl
    depilogue.o(.text) refers to llushr.o(.text) for __aeabi_llsr


==============================================================================

Removing Unused input sections from the image.

    Removing main.o(.rev16_text), (4 bytes).
    Removing main.o(.revsh_text), (4 bytes).
    Removing stm32f4xx_it.o(.rev16_text), (4 bytes).
    Removing stm32f4xx_it.o(.revsh_text), (4 bytes).
    Removing bsp.o(.rev16_text), (4 bytes).
    Removing bsp.o(.revsh_text), (4 bytes).
    Removing ad.o(.rev16_text), (4 bytes).
    Removing ad.o(.revsh_text), (4 bytes).
    Removing ad.o(.text), (152 bytes).
    Removing air_cylinder.o(.rev16_text), (4 bytes).
    Removing air_cylinder.o(.revsh_text), (4 bytes).
    Removing led.o(.rev16_text), (4 bytes).
    Removing led.o(.revsh_text), (4 bytes).
    Removing led.o(.text), (64 bytes).
    Removing key.o(.rev16_text), (4 bytes).
    Removing key.o(.revsh_text), (4 bytes).
    Removing delay.o(.rev16_text), (4 bytes).
    Removing delay.o(.revsh_text), (4 bytes).
    Removing timer.o(.rev16_text), (4 bytes).
    Removing timer.o(.revsh_text), (4 bytes).
    Removing tim4.o(.rev16_text), (4 bytes).
    Removing tim4.o(.revsh_text), (4 bytes).
    Removing tim4.o(.data), (44 bytes).
    Removing pwm.o(.rev16_text), (4 bytes).
    Removing pwm.o(.revsh_text), (4 bytes).
    Removing pwm.o(.text), (212 bytes).
    Removing encoder.o(.rev16_text), (4 bytes).
    Removing encoder.o(.revsh_text), (4 bytes).
    Removing encoder.o(.text), (188 bytes).
    Removing can1.o(.rev16_text), (4 bytes).
    Removing can1.o(.revsh_text), (4 bytes).
    Removing can2.o(.rev16_text), (4 bytes).
    Removing can2.o(.revsh_text), (4 bytes).
    Removing uart4.o(.rev16_text), (4 bytes).
    Removing uart4.o(.revsh_text), (4 bytes).
    Removing usart3.o(.rev16_text), (4 bytes).
    Removing usart3.o(.revsh_text), (4 bytes).
    Removing usart2.o(.rev16_text), (4 bytes).
    Removing usart2.o(.revsh_text), (4 bytes).
    Removing motor.o(.rev16_text), (4 bytes).
    Removing motor.o(.revsh_text), (4 bytes).
    Removing up_down.o(.rev16_text), (4 bytes).
    Removing up_down.o(.revsh_text), (4 bytes).
    Removing chassis.o(.rev16_text), (4 bytes).
    Removing chassis.o(.revsh_text), (4 bytes).
    Removing trailer.o(.rev16_text), (4 bytes).
    Removing trailer.o(.revsh_text), (4 bytes).
    Removing misc.o(.rev16_text), (4 bytes).
    Removing misc.o(.revsh_text), (4 bytes).
    Removing stm32f4xx_tim.o(.rev16_text), (4 bytes).
    Removing stm32f4xx_tim.o(.revsh_text), (4 bytes).
    Removing stm32f4xx_adc.o(.rev16_text), (4 bytes).
    Removing stm32f4xx_adc.o(.revsh_text), (4 bytes).
    Removing stm32f4xx_adc.o(.text), (1124 bytes).
    Removing stm32f4xx_rcc.o(.rev16_text), (4 bytes).
    Removing stm32f4xx_rcc.o(.revsh_text), (4 bytes).
    Removing stm32f4xx_can.o(.rev16_text), (4 bytes).
    Removing stm32f4xx_can.o(.revsh_text), (4 bytes).
    Removing stm32f4xx_exti.o(.rev16_text), (4 bytes).
    Removing stm32f4xx_exti.o(.revsh_text), (4 bytes).
    Removing stm32f4xx_exti.o(.text), (284 bytes).
    Removing stm32f4xx_gpio.o(.rev16_text), (4 bytes).
    Removing stm32f4xx_gpio.o(.revsh_text), (4 bytes).
    Removing stm32f4xx_dma.o(.rev16_text), (4 bytes).
    Removing stm32f4xx_dma.o(.revsh_text), (4 bytes).
    Removing stm32f4xx_usart.o(.rev16_text), (4 bytes).
    Removing stm32f4xx_usart.o(.revsh_text), (4 bytes).
    Removing stm32f4xx_syscfg.o(.rev16_text), (4 bytes).
    Removing stm32f4xx_syscfg.o(.revsh_text), (4 bytes).
    Removing stm32f4xx_syscfg.o(.text), (140 bytes).
    Removing system_stm32f4xx.o(.rev16_text), (4 bytes).
    Removing system_stm32f4xx.o(.revsh_text), (4 bytes).
    Removing startup_stm32f4xx.o(HEAP), (512 bytes).
    Removing stm32f4xx_flash.o(.rev16_text), (4 bytes).
    Removing stm32f4xx_flash.o(.revsh_text), (4 bytes).
    Removing stm32f4xx_flash.o(.text), (1212 bytes).
    Removing dadd.o(.text), (334 bytes).
    Removing dmul.o(.text), (228 bytes).
    Removing ddiv.o(.text), (222 bytes).
    Removing dfixul.o(.text), (48 bytes).
    Removing cdrcmple.o(.text), (48 bytes).
    Removing depilogue.o(.text), (186 bytes).

82 unused section(s) (total 5262 bytes) removed from the image.

==============================================================================

Image Symbol Table

    Local Symbols

    Symbol Name                              Value     Ov Type        Size  Object(Section)

    ../clib/microlib/division.c              0x00000000   Number         0  uldiv.o ABSOLUTE
    ../clib/microlib/division.c              0x00000000   Number         0  uidiv.o ABSOLUTE
    ../clib/microlib/init/entry.s            0x00000000   Number         0  entry5.o ABSOLUTE
    ../clib/microlib/init/entry.s            0x00000000   Number         0  entry.o ABSOLUTE
    ../clib/microlib/init/entry.s            0x00000000   Number         0  entry8a.o ABSOLUTE
    ../clib/microlib/init/entry.s            0x00000000   Number         0  entry7b.o ABSOLUTE
    ../clib/microlib/init/entry.s            0x00000000   Number         0  entry7a.o ABSOLUTE
    ../clib/microlib/init/entry.s            0x00000000   Number         0  entry8b.o ABSOLUTE
    ../clib/microlib/init/entry.s            0x00000000   Number         0  entry9b.o ABSOLUTE
    ../clib/microlib/init/entry.s            0x00000000   Number         0  entry11a.o ABSOLUTE
    ../clib/microlib/init/entry.s            0x00000000   Number         0  entry2.o ABSOLUTE
    ../clib/microlib/init/entry.s            0x00000000   Number         0  entry11b.o ABSOLUTE
    ../clib/microlib/init/entry.s            0x00000000   Number         0  entry10a.o ABSOLUTE
    ../clib/microlib/init/entry.s            0x00000000   Number         0  entry10b.o ABSOLUTE
    ../clib/microlib/init/entry.s            0x00000000   Number         0  entry9a.o ABSOLUTE
    ../clib/microlib/longlong.c              0x00000000   Number         0  llsshr.o ABSOLUTE
    ../clib/microlib/longlong.c              0x00000000   Number         0  llushr.o ABSOLUTE
    ../clib/microlib/longlong.c              0x00000000   Number         0  llshl.o ABSOLUTE
    ../clib/microlib/printf/printf.c         0x00000000   Number         0  printf7.o ABSOLUTE
    ../clib/microlib/printf/printf.c         0x00000000   Number         0  printf8.o ABSOLUTE
    ../clib/microlib/printf/printf.c         0x00000000   Number         0  printfa.o ABSOLUTE
    ../clib/microlib/printf/printf.c         0x00000000   Number         0  printf6.o ABSOLUTE
    ../clib/microlib/printf/printf.c         0x00000000   Number         0  printf5.o ABSOLUTE
    ../clib/microlib/printf/printf.c         0x00000000   Number         0  printf2.o ABSOLUTE
    ../clib/microlib/printf/printf.c         0x00000000   Number         0  printf4.o ABSOLUTE
    ../clib/microlib/printf/printf.c         0x00000000   Number         0  printf3.o ABSOLUTE
    ../clib/microlib/printf/printf.c         0x00000000   Number         0  printf1.o ABSOLUTE
    ../clib/microlib/printf/printf.c         0x00000000   Number         0  printf0.o ABSOLUTE
    ../clib/microlib/printf/printf.c         0x00000000   Number         0  printfb.o ABSOLUTE
    ../clib/microlib/printf/stubs.s          0x00000000   Number         0  stubs.o ABSOLUTE
    ../clib/microlib/stdio/streams.c         0x00000000   Number         0  stdout.o ABSOLUTE
    ../clib/microlib/stubs.s                 0x00000000   Number         0  iusefp.o ABSOLUTE
    ../fplib/microlib/fpadd.c                0x00000000   Number         0  dadd.o ABSOLUTE
    ../fplib/microlib/fpdiv.c                0x00000000   Number         0  ddiv.o ABSOLUTE
    ../fplib/microlib/fpepilogue.c           0x00000000   Number         0  depilogue.o ABSOLUTE
    ../fplib/microlib/fpfix.c                0x00000000   Number         0  dfixul.o ABSOLUTE
    ../fplib/microlib/fpmul.c                0x00000000   Number         0  dmul.o ABSOLUTE
    ..\Libraries\misc.c                      0x00000000   Number         0  misc.o ABSOLUTE
    ..\Libraries\startup_stm32f4xx.s         0x00000000   Number         0  startup_stm32f4xx.o ABSOLUTE
    ..\Libraries\stm32f4xx_adc.c             0x00000000   Number         0  stm32f4xx_adc.o ABSOLUTE
    ..\Libraries\stm32f4xx_can.c             0x00000000   Number         0  stm32f4xx_can.o ABSOLUTE
    ..\Libraries\stm32f4xx_dma.c             0x00000000   Number         0  stm32f4xx_dma.o ABSOLUTE
    ..\Libraries\stm32f4xx_exti.c            0x00000000   Number         0  stm32f4xx_exti.o ABSOLUTE
    ..\Libraries\stm32f4xx_flash.c           0x00000000   Number         0  stm32f4xx_flash.o ABSOLUTE
    ..\Libraries\stm32f4xx_gpio.c            0x00000000   Number         0  stm32f4xx_gpio.o ABSOLUTE
    ..\Libraries\stm32f4xx_rcc.c             0x00000000   Number         0  stm32f4xx_rcc.o ABSOLUTE
    ..\Libraries\stm32f4xx_syscfg.c          0x00000000   Number         0  stm32f4xx_syscfg.o ABSOLUTE
    ..\Libraries\stm32f4xx_tim.c             0x00000000   Number         0  stm32f4xx_tim.o ABSOLUTE
    ..\Libraries\stm32f4xx_usart.c           0x00000000   Number         0  stm32f4xx_usart.o ABSOLUTE
    ..\Libraries\system_stm32f4xx.c          0x00000000   Number         0  system_stm32f4xx.o ABSOLUTE
    ..\Mylib\ad.c                            0x00000000   Number         0  ad.o ABSOLUTE
    ..\Mylib\air_cylinder.c                  0x00000000   Number         0  air_cylinder.o ABSOLUTE
    ..\Mylib\can1.c                          0x00000000   Number         0  can1.o ABSOLUTE
    ..\Mylib\can2.c                          0x00000000   Number         0  can2.o ABSOLUTE
    ..\Mylib\chassis.c                       0x00000000   Number         0  chassis.o ABSOLUTE
    ..\Mylib\delay.c                         0x00000000   Number         0  delay.o ABSOLUTE
    ..\Mylib\encoder.c                       0x00000000   Number         0  encoder.o ABSOLUTE
    ..\Mylib\key.c                           0x00000000   Number         0  key.o ABSOLUTE
    ..\Mylib\led.c                           0x00000000   Number         0  led.o ABSOLUTE
    ..\Mylib\motor.c                         0x00000000   Number         0  motor.o ABSOLUTE
    ..\Mylib\pwm.c                           0x00000000   Number         0  pwm.o ABSOLUTE
    ..\Mylib\tim4.c                          0x00000000   Number         0  tim4.o ABSOLUTE
    ..\Mylib\timer.c                         0x00000000   Number         0  timer.o ABSOLUTE
    ..\Mylib\trailer.c                       0x00000000   Number         0  trailer.o ABSOLUTE
    ..\Mylib\uart4.c                         0x00000000   Number         0  uart4.o ABSOLUTE
    ..\Mylib\up_down.c                       0x00000000   Number         0  up_down.o ABSOLUTE
    ..\Mylib\usart2.c                        0x00000000   Number         0  usart2.o ABSOLUTE
    ..\Mylib\usart3.c                        0x00000000   Number         0  usart3.o ABSOLUTE
    ..\User\bsp.c                            0x00000000   Number         0  bsp.o ABSOLUTE
    ..\User\main.c                           0x00000000   Number         0  main.o ABSOLUTE
    ..\User\stm32f4xx_it.c                   0x00000000   Number         0  stm32f4xx_it.o ABSOLUTE
    ..\\Libraries\\misc.c                    0x00000000   Number         0  misc.o ABSOLUTE
    ..\\Libraries\\stm32f4xx_adc.c           0x00000000   Number         0  stm32f4xx_adc.o ABSOLUTE
    ..\\Libraries\\stm32f4xx_can.c           0x00000000   Number         0  stm32f4xx_can.o ABSOLUTE
    ..\\Libraries\\stm32f4xx_dma.c           0x00000000   Number         0  stm32f4xx_dma.o ABSOLUTE
    ..\\Libraries\\stm32f4xx_exti.c          0x00000000   Number         0  stm32f4xx_exti.o ABSOLUTE
    ..\\Libraries\\stm32f4xx_flash.c         0x00000000   Number         0  stm32f4xx_flash.o ABSOLUTE
    ..\\Libraries\\stm32f4xx_gpio.c          0x00000000   Number         0  stm32f4xx_gpio.o ABSOLUTE
    ..\\Libraries\\stm32f4xx_rcc.c           0x00000000   Number         0  stm32f4xx_rcc.o ABSOLUTE
    ..\\Libraries\\stm32f4xx_syscfg.c        0x00000000   Number         0  stm32f4xx_syscfg.o ABSOLUTE
    ..\\Libraries\\stm32f4xx_tim.c           0x00000000   Number         0  stm32f4xx_tim.o ABSOLUTE
    ..\\Libraries\\stm32f4xx_usart.c         0x00000000   Number         0  stm32f4xx_usart.o ABSOLUTE
    ..\\Libraries\\system_stm32f4xx.c        0x00000000   Number         0  system_stm32f4xx.o ABSOLUTE
    ..\\Mylib\\ad.c                          0x00000000   Number         0  ad.o ABSOLUTE
    ..\\Mylib\\air_cylinder.c                0x00000000   Number         0  air_cylinder.o ABSOLUTE
    ..\\Mylib\\can1.c                        0x00000000   Number         0  can1.o ABSOLUTE
    ..\\Mylib\\can2.c                        0x00000000   Number         0  can2.o ABSOLUTE
    ..\\Mylib\\chassis.c                     0x00000000   Number         0  chassis.o ABSOLUTE
    ..\\Mylib\\delay.c                       0x00000000   Number         0  delay.o ABSOLUTE
    ..\\Mylib\\encoder.c                     0x00000000   Number         0  encoder.o ABSOLUTE
    ..\\Mylib\\key.c                         0x00000000   Number         0  key.o ABSOLUTE
    ..\\Mylib\\led.c                         0x00000000   Number         0  led.o ABSOLUTE
    ..\\Mylib\\motor.c                       0x00000000   Number         0  motor.o ABSOLUTE
    ..\\Mylib\\pwm.c                         0x00000000   Number         0  pwm.o ABSOLUTE
    ..\\Mylib\\tim4.c                        0x00000000   Number         0  tim4.o ABSOLUTE
    ..\\Mylib\\timer.c                       0x00000000   Number         0  timer.o ABSOLUTE
    ..\\Mylib\\trailer.c                     0x00000000   Number         0  trailer.o ABSOLUTE
    ..\\Mylib\\uart4.c                       0x00000000   Number         0  uart4.o ABSOLUTE
    ..\\Mylib\\up_down.c                     0x00000000   Number         0  up_down.o ABSOLUTE
    ..\\Mylib\\usart2.c                      0x00000000   Number         0  usart2.o ABSOLUTE
    ..\\Mylib\\usart3.c                      0x00000000   Number         0  usart3.o ABSOLUTE
    ..\\User\\bsp.c                          0x00000000   Number         0  bsp.o ABSOLUTE
    ..\\User\\main.c                         0x00000000   Number         0  main.o ABSOLUTE
    ..\\User\\stm32f4xx_it.c                 0x00000000   Number         0  stm32f4xx_it.o ABSOLUTE
    cdrcmple.s                               0x00000000   Number         0  cdrcmple.o ABSOLUTE
    dc.s                                     0x00000000   Number         0  dc.o ABSOLUTE
    handlers.s                               0x00000000   Number         0  handlers.o ABSOLUTE
    init.s                                   0x00000000   Number         0  init.o ABSOLUTE
    RESET                                    0x08000000   Section      392  startup_stm32f4xx.o(RESET)
    .ARM.Collect$$$$00000000                 0x08000188   Section        0  entry.o(.ARM.Collect$$$$00000000)
    .ARM.Collect$$$$00000001                 0x08000188   Section        4  entry2.o(.ARM.Collect$$$$00000001)
    .ARM.Collect$$$$00000004                 0x0800018c   Section        4  entry5.o(.ARM.Collect$$$$00000004)
    .ARM.Collect$$$$00000008                 0x08000190   Section        0  entry7b.o(.ARM.Collect$$$$00000008)
    .ARM.Collect$$$$0000000A                 0x08000190   Section        0  entry8b.o(.ARM.Collect$$$$0000000A)
    .ARM.Collect$$$$0000000B                 0x08000190   Section        8  entry9a.o(.ARM.Collect$$$$0000000B)
    .ARM.Collect$$$$0000000D                 0x08000198   Section        0  entry10a.o(.ARM.Collect$$$$0000000D)
    .ARM.Collect$$$$0000000F                 0x08000198   Section        0  entry11a.o(.ARM.Collect$$$$0000000F)
    .ARM.Collect$$$$00002712                 0x08000198   Section        4  entry2.o(.ARM.Collect$$$$00002712)
    __lit__00000000                          0x08000198   Data           4  entry2.o(.ARM.Collect$$$$00002712)
    .text                                    0x0800019c   Section        0  main.o(.text)
    .text                                    0x0800023c   Section        0  stm32f4xx_it.o(.text)
    .text                                    0x08000254   Section        0  bsp.o(.text)
    .text                                    0x08000270   Section        0  air_cylinder.o(.text)
    .text                                    0x080002e0   Section        0  key.o(.text)
    .text                                    0x0800036c   Section        0  delay.o(.text)
    .text                                    0x080003a4   Section        0  timer.o(.text)
    .text                                    0x0800042c   Section        0  tim4.o(.text)
    .text                                    0x080004ac   Section        0  can1.o(.text)
    .text                                    0x080007b8   Section        0  can2.o(.text)
    .text                                    0x0800099c   Section        0  uart4.o(.text)
    .text                                    0x08000c20   Section        0  usart3.o(.text)
    .text                                    0x08000df4   Section        0  usart2.o(.text)
    .text                                    0x08000ff8   Section        0  motor.o(.text)
    .text                                    0x08001254   Section        0  up_down.o(.text)
    .text                                    0x080020cc   Section        0  chassis.o(.text)
    .text                                    0x08003210   Section        0  trailer.o(.text)
    .text                                    0x080037ec   Section        0  misc.o(.text)
    .text                                    0x080038cc   Section        0  stm32f4xx_tim.o(.text)
    TI4_Config                               0x0800406b   Thumb Code    80  stm32f4xx_tim.o(.text)
    TI3_Config                               0x080040cd   Thumb Code    72  stm32f4xx_tim.o(.text)
    TI2_Config                               0x0800412f   Thumb Code    90  stm32f4xx_tim.o(.text)
    TI1_Config                               0x0800419b   Thumb Code    58  stm32f4xx_tim.o(.text)
    .text                                    0x08004570   Section        0  stm32f4xx_rcc.o(.text)
    .text                                    0x08004af8   Section        0  stm32f4xx_can.o(.text)
    CheckITStatus                            0x080052fb   Thumb Code    18  stm32f4xx_can.o(.text)
    .text                                    0x080054e8   Section        0  stm32f4xx_gpio.o(.text)
    .text                                    0x08005744   Section        0  stm32f4xx_dma.o(.text)
    .text                                    0x08005aec   Section        0  stm32f4xx_usart.o(.text)
    .text                                    0x08005f08   Section        0  system_stm32f4xx.o(.text)
    SetSysClock                              0x08005f09   Thumb Code   220  system_stm32f4xx.o(.text)
    .text                                    0x08006118   Section       36  startup_stm32f4xx.o(.text)
    $v0                                      0x08006118   Number         0  startup_stm32f4xx.o(.text)
    .text                                    0x0800613c   Section        0  uidiv.o(.text)
    .text                                    0x08006168   Section       36  init.o(.text)
    i.__0printf$1                            0x0800618c   Section        0  printf1.o(i.__0printf$1)
    i.__scatterload_copy                     0x080061ac   Section       14  handlers.o(i.__scatterload_copy)
    i.__scatterload_null                     0x080061ba   Section        2  handlers.o(i.__scatterload_null)
    i.__scatterload_zeroinit                 0x080061bc   Section       14  handlers.o(i.__scatterload_zeroinit)
    i._printf_core                           0x080061cc   Section        0  printf1.o(i._printf_core)
    _printf_core                             0x080061cd   Thumb Code   336  printf1.o(i._printf_core)
    .conststring                             0x08006320   Section      134  main.o(.conststring)
    .data                                    0x20000000   Section        4  timer.o(.data)
    .data                                    0x20000004   Section       24  can1.o(.data)
    .data                                    0x2000001c   Section        3  can2.o(.data)
    .data                                    0x2000001f   Section        1  uart4.o(.data)
    .data                                    0x20000020   Section        1  usart3.o(.data)
    .data                                    0x20000021   Section        1  usart2.o(.data)
    .data                                    0x20000024   Section        8  motor.o(.data)
    .data                                    0x2000002c   Section       64  up_down.o(.data)
    .data                                    0x2000006c   Section      100  chassis.o(.data)
    .data                                    0x200000d0   Section       14  trailer.o(.data)
    .data                                    0x200000de   Section       16  stm32f4xx_rcc.o(.data)
    APBAHBPrescTable                         0x200000de   Data          16  stm32f4xx_rcc.o(.data)
    .data                                    0x200000f0   Section       20  system_stm32f4xx.o(.data)
    .data                                    0x20000104   Section        4  stdout.o(.data)
    .bss                                     0x20000108   Section       12  main.o(.bss)
    .bss                                     0x20000114   Section       39  uart4.o(.bss)
    .bss                                     0x2000013c   Section       80  up_down.o(.bss)
    .bss                                     0x2000018c   Section      176  chassis.o(.bss)
    .bss                                     0x2000023c   Section       80  trailer.o(.bss)
    STACK                                    0x20000290   Section     1024  startup_stm32f4xx.o(STACK)

    Global Symbols

    Symbol Name                              Value     Ov Type        Size  Object(Section)

    BuildAttributes$$THM_ISAv4$E$P$D$K$B$S$7EM$VFPi3$EXTD16$VFPS$VFMA$PE$A:L22UL41UL21$X:L11$S22US41US21$IEEE1$IW$USESV6$~STKCKD$USESV7$~SHL$OSPACE$ROPI$EBA8$MICROLIB$REQ8$PRES8$EABIv2 0x00000000   Number         0  anon$$obj.o ABSOLUTE
    __ARM_use_no_argv                        0x00000000   Number         0  main.o ABSOLUTE
    _printf_a                                0x00000000   Number         0  stubs.o ABSOLUTE
    _printf_c                                0x00000000   Number         0  stubs.o ABSOLUTE
    _printf_charcount                        0x00000000   Number         0  stubs.o ABSOLUTE
    _printf_d                                0x00000000   Number         0  stubs.o ABSOLUTE
    _printf_e                                0x00000000   Number         0  stubs.o ABSOLUTE
    _printf_f                                0x00000000   Number         0  stubs.o ABSOLUTE
    _printf_flags                            0x00000000   Number         0  stubs.o ABSOLUTE
    _printf_fp_dec                           0x00000000   Number         0  stubs.o ABSOLUTE
    _printf_fp_hex                           0x00000000   Number         0  stubs.o ABSOLUTE
    _printf_g                                0x00000000   Number         0  stubs.o ABSOLUTE
    _printf_i                                0x00000000   Number         0  stubs.o ABSOLUTE
    _printf_int_dec                          0x00000000   Number         0  stubs.o ABSOLUTE
    _printf_l                                0x00000000   Number         0  stubs.o ABSOLUTE
    _printf_lc                               0x00000000   Number         0  stubs.o ABSOLUTE
    _printf_ll                               0x00000000   Number         0  stubs.o ABSOLUTE
    _printf_lld                              0x00000000   Number         0  stubs.o ABSOLUTE
    _printf_lli                              0x00000000   Number         0  stubs.o ABSOLUTE
    _printf_llo                              0x00000000   Number         0  stubs.o ABSOLUTE
    _printf_llu                              0x00000000   Number         0  stubs.o ABSOLUTE
    _printf_llx                              0x00000000   Number         0  stubs.o ABSOLUTE
    _printf_longlong_dec                     0x00000000   Number         0  stubs.o ABSOLUTE
    _printf_longlong_hex                     0x00000000   Number         0  stubs.o ABSOLUTE
    _printf_longlong_oct                     0x00000000   Number         0  stubs.o ABSOLUTE
    _printf_ls                               0x00000000   Number         0  stubs.o ABSOLUTE
    _printf_mbtowc                           0x00000000   Number         0  stubs.o ABSOLUTE
    _printf_n                                0x00000000   Number         0  stubs.o ABSOLUTE
    _printf_o                                0x00000000   Number         0  stubs.o ABSOLUTE
    _printf_p                                0x00000000   Number         0  stubs.o ABSOLUTE
    _printf_percent                          0x00000000   Number         0  stubs.o ABSOLUTE
    _printf_pre_padding                      0x00000000   Number         0  stubs.o ABSOLUTE
    _printf_return_value                     0x00000000   Number         0  stubs.o ABSOLUTE
    _printf_s                                0x00000000   Number         0  stubs.o ABSOLUTE
    _printf_sizespec                         0x00000000   Number         0  stubs.o ABSOLUTE
    _printf_str                              0x00000000   Number         0  stubs.o ABSOLUTE
    _printf_truncate_signed                  0x00000000   Number         0  stubs.o ABSOLUTE
    _printf_truncate_unsigned                0x00000000   Number         0  stubs.o ABSOLUTE
    _printf_u                                0x00000000   Number         0  stubs.o ABSOLUTE
    _printf_wc                               0x00000000   Number         0  stubs.o ABSOLUTE
    _printf_wctomb                           0x00000000   Number         0  stubs.o ABSOLUTE
    _printf_widthprec                        0x00000000   Number         0  stubs.o ABSOLUTE
    _printf_x                                0x00000000   Number         0  stubs.o ABSOLUTE
    __cpp_initialize__aeabi_                  - Undefined Weak Reference
    __cxa_finalize                            - Undefined Weak Reference
    __decompress                              - Undefined Weak Reference
    _clock_init                               - Undefined Weak Reference
    _microlib_exit                            - Undefined Weak Reference
    __Vectors_Size                           0x00000188   Number         0  startup_stm32f4xx.o ABSOLUTE
    __Vectors                                0x08000000   Data           4  startup_stm32f4xx.o(RESET)
    __Vectors_End                            0x08000188   Data           0  startup_stm32f4xx.o(RESET)
    __main                                   0x08000189   Thumb Code     0  entry.o(.ARM.Collect$$$$00000000)
    _main_stk                                0x08000189   Thumb Code     0  entry2.o(.ARM.Collect$$$$00000001)
    _main_scatterload                        0x0800018d   Thumb Code     0  entry5.o(.ARM.Collect$$$$00000004)
    __main_after_scatterload                 0x08000191   Thumb Code     0  entry5.o(.ARM.Collect$$$$00000004)
    _main_clock                              0x08000191   Thumb Code     0  entry7b.o(.ARM.Collect$$$$00000008)
    _main_cpp_init                           0x08000191   Thumb Code     0  entry8b.o(.ARM.Collect$$$$0000000A)
    _main_init                               0x08000191   Thumb Code     0  entry9a.o(.ARM.Collect$$$$0000000B)
    __rt_final_cpp                           0x08000199   Thumb Code     0  entry10a.o(.ARM.Collect$$$$0000000D)
    __rt_final_exit                          0x08000199   Thumb Code     0  entry11a.o(.ARM.Collect$$$$0000000F)
    main                                     0x0800019d   Thumb Code   128  main.o(.text)
    NMI_Handler                              0x0800023d   Thumb Code     2  stm32f4xx_it.o(.text)
    HardFault_Handler                        0x0800023f   Thumb Code     4  stm32f4xx_it.o(.text)
    MemManage_Handler                        0x08000243   Thumb Code     4  stm32f4xx_it.o(.text)
    BusFault_Handler                         0x08000247   Thumb Code     4  stm32f4xx_it.o(.text)
    UsageFault_Handler                       0x0800024b   Thumb Code     4  stm32f4xx_it.o(.text)
    SVC_Handler                              0x0800024f   Thumb Code     2  stm32f4xx_it.o(.text)
    DebugMon_Handler                         0x08000251   Thumb Code     2  stm32f4xx_it.o(.text)
    PendSV_Handler                           0x08000253   Thumb Code     2  stm32f4xx_it.o(.text)
    BSP_Init                                 0x08000255   Thumb Code    28  bsp.o(.text)
    air_cylinder_Configuration               0x08000271   Thumb Code   100  air_cylinder.o(.text)
    aircylinder_on_off                       0x080002d5   Thumb Code     2  air_cylinder.o(.text)
    KEY_Configuration                        0x080002e1   Thumb Code   128  key.o(.text)
    delay_ms                                 0x0800036d   Thumb Code    28  delay.o(.text)
    delay_us                                 0x08000389   Thumb Code    26  delay.o(.text)
    TIM2_Configuration                       0x080003a5   Thumb Code    88  timer.o(.text)
    TIM2_IRQHandler                          0x080003fd   Thumb Code    42  timer.o(.text)
    TIM4_Configuration                       0x0800042d   Thumb Code    86  tim4.o(.text)
    TIM4_IRQHandler                          0x08000483   Thumb Code    36  tim4.o(.text)
    CAN1_Configuration                       0x080004ad   Thumb Code   236  can1.o(.text)
    CAN1_Send_flex_Msg                       0x08000599   Thumb Code    96  can1.o(.text)
    CAN1_Send_Chassis_Msg                    0x080005f9   Thumb Code    96  can1.o(.text)
    CAN1_TX_IRQHandler                       0x08000659   Thumb Code    22  can1.o(.text)
    CAN1_RX0_IRQHandler                      0x0800066f   Thumb Code   296  can1.o(.text)
    CAN2_Configuration                       0x080007b9   Thumb Code   238  can2.o(.text)
    CAN2_Send_D_BUS_Msg                      0x080008a7   Thumb Code    82  can2.o(.text)
    CAN2_Send_Msg                            0x080008f9   Thumb Code    58  can2.o(.text)
    CAN2_RX0_IRQHandler                      0x08000933   Thumb Code    86  can2.o(.text)
    UART4_Configuration                      0x0800099d   Thumb Code   272  uart4.o(.text)
    Decode                                   0x08000aad   Thumb Code   202  uart4.o(.text)
    UART4_IRQHandler                         0x08000b77   Thumb Code   104  uart4.o(.text)
    telecontrol_Init                         0x08000bdf   Thumb Code    32  uart4.o(.text)
    USART3_Configuration                     0x08000c21   Thumb Code   178  usart3.o(.text)
    USART3_SendChar                          0x08000cd3   Thumb Code    28  usart3.o(.text)
    USART3_IRQHandler                        0x08000cef   Thumb Code   230  usart3.o(.text)
    USART2_Configuration                     0x08000df5   Thumb Code   176  usart2.o(.text)
    USART2_SendChar                          0x08000ea5   Thumb Code    28  usart2.o(.text)
    fputc                                    0x08000ec1   Thumb Code    32  usart2.o(.text)
    USART2_IRQHandler                        0x08000ee1   Thumb Code   248  usart2.o(.text)
    PTZencoder                               0x08000ff9   Thumb Code    90  motor.o(.text)
    change_limit                             0x08001053   Thumb Code    70  motor.o(.text)
    speed_change_limit                       0x08001099   Thumb Code   148  motor.o(.text)
    limit                                    0x0800112d   Thumb Code    22  motor.o(.text)
    locked_rotor                             0x08001143   Thumb Code   182  motor.o(.text)
    motor_perform                            0x080011f9   Thumb Code    56  motor.o(.text)
    up_down_pidinit                          0x08001255   Thumb Code   164  up_down.o(.text)
    impulse_mm                               0x080012f9   Thumb Code    24  up_down.o(.text)
    PID_up_down_site                         0x08001311   Thumb Code   164  up_down.o(.text)
    PID_up_down_velocity                     0x080013b5   Thumb Code   806  up_down.o(.text)
    up_island                                0x080016db   Thumb Code  1924  up_down.o(.text)
    up_down_motor                            0x08001e5f   Thumb Code   564  up_down.o(.text)
    IncPIDInit_200                           0x080020cd   Thumb Code   280  chassis.o(.text)
    PID_count_201                            0x080021e5   Thumb Code   332  chassis.o(.text)
    PID_count_202                            0x08002331   Thumb Code   332  chassis.o(.text)
    PID_count_203                            0x0800247d   Thumb Code   380  chassis.o(.text)
    PID_count_204                            0x080025f9   Thumb Code   332  chassis.o(.text)
    chassis_alg                              0x08002745   Thumb Code   276  chassis.o(.text)
    chassis_motor                            0x08002859   Thumb Code  2488  chassis.o(.text)
    trailer_pidinit                          0x08003211   Thumb Code   164  trailer.o(.text)
    PID_trailer_site                         0x080032b5   Thumb Code   130  trailer.o(.text)
    PID_trailer_velocity                     0x08003337   Thumb Code   392  trailer.o(.text)
    trailer_motor                            0x080034bf   Thumb Code   778  trailer.o(.text)
    NVIC_PriorityGroupConfig                 0x080037ed   Thumb Code    10  misc.o(.text)
    NVIC_Init                                0x080037f7   Thumb Code   106  misc.o(.text)
    NVIC_SetVectorTable                      0x08003861   Thumb Code    14  misc.o(.text)
    NVIC_SystemLPConfig                      0x0800386f   Thumb Code    34  misc.o(.text)
    SysTick_CLKSourceConfig                  0x08003891   Thumb Code    40  misc.o(.text)
    TIM_DeInit                               0x080038cd   Thumb Code   346  stm32f4xx_tim.o(.text)
    TIM_TimeBaseInit                         0x08003a27   Thumb Code   104  stm32f4xx_tim.o(.text)
    TIM_TimeBaseStructInit                   0x08003a8f   Thumb Code    18  stm32f4xx_tim.o(.text)
    TIM_PrescalerConfig                      0x08003aa1   Thumb Code     6  stm32f4xx_tim.o(.text)
    TIM_CounterModeConfig                    0x08003aa7   Thumb Code    18  stm32f4xx_tim.o(.text)
    TIM_SetCounter                           0x08003ab9   Thumb Code     4  stm32f4xx_tim.o(.text)
    TIM_SetAutoreload                        0x08003abd   Thumb Code     4  stm32f4xx_tim.o(.text)
    TIM_GetCounter                           0x08003ac1   Thumb Code     6  stm32f4xx_tim.o(.text)
    TIM_GetPrescaler                         0x08003ac7   Thumb Code     6  stm32f4xx_tim.o(.text)
    TIM_UpdateDisableConfig                  0x08003acd   Thumb Code    24  stm32f4xx_tim.o(.text)
    TIM_UpdateRequestConfig                  0x08003ae5   Thumb Code    24  stm32f4xx_tim.o(.text)
    TIM_ARRPreloadConfig                     0x08003afd   Thumb Code    24  stm32f4xx_tim.o(.text)
    TIM_SelectOnePulseMode                   0x08003b15   Thumb Code    18  stm32f4xx_tim.o(.text)
    TIM_SetClockDivision                     0x08003b27   Thumb Code    18  stm32f4xx_tim.o(.text)
    TIM_Cmd                                  0x08003b39   Thumb Code    24  stm32f4xx_tim.o(.text)
    TIM_OC1Init                              0x08003b51   Thumb Code   114  stm32f4xx_tim.o(.text)
    TIM_OC2Init                              0x08003bc3   Thumb Code   154  stm32f4xx_tim.o(.text)
    TIM_OC3Init                              0x08003c5d   Thumb Code   204  stm32f4xx_tim.o(.text)
    TIM_OC4Init                              0x08003d29   Thumb Code   112  stm32f4xx_tim.o(.text)
    TIM_OCStructInit                         0x08003d99   Thumb Code    20  stm32f4xx_tim.o(.text)
    TIM_SelectOCxM                           0x08003dad   Thumb Code    86  stm32f4xx_tim.o(.text)
    TIM_SetCompare1                          0x08003e03   Thumb Code     4  stm32f4xx_tim.o(.text)
    TIM_SetCompare2                          0x08003e07   Thumb Code     4  stm32f4xx_tim.o(.text)
    TIM_SetCompare3                          0x08003e0b   Thumb Code     4  stm32f4xx_tim.o(.text)
    TIM_SetCompare4                          0x08003e0f   Thumb Code     4  stm32f4xx_tim.o(.text)
    TIM_ForcedOC1Config                      0x08003e13   Thumb Code    18  stm32f4xx_tim.o(.text)
    TIM_ForcedOC2Config                      0x08003e25   Thumb Code    26  stm32f4xx_tim.o(.text)
    TIM_ForcedOC3Config                      0x08003e3f   Thumb Code    18  stm32f4xx_tim.o(.text)
    TIM_ForcedOC4Config                      0x08003e51   Thumb Code    26  stm32f4xx_tim.o(.text)
    TIM_OC1PreloadConfig                     0x08003e6b   Thumb Code    18  stm32f4xx_tim.o(.text)
    TIM_OC2PreloadConfig                     0x08003e7d   Thumb Code    26  stm32f4xx_tim.o(.text)
    TIM_OC3PreloadConfig                     0x08003e97   Thumb Code    18  stm32f4xx_tim.o(.text)
    TIM_OC4PreloadConfig                     0x08003ea9   Thumb Code    26  stm32f4xx_tim.o(.text)
    TIM_OC1FastConfig                        0x08003ec3   Thumb Code    18  stm32f4xx_tim.o(.text)
    TIM_OC2FastConfig                        0x08003ed5   Thumb Code    26  stm32f4xx_tim.o(.text)
    TIM_OC3FastConfig                        0x08003eef   Thumb Code    18  stm32f4xx_tim.o(.text)
    TIM_OC4FastConfig                        0x08003f01   Thumb Code    26  stm32f4xx_tim.o(.text)
    TIM_ClearOC1Ref                          0x08003f1b   Thumb Code    18  stm32f4xx_tim.o(.text)
    TIM_ClearOC2Ref                          0x08003f2d   Thumb Code    24  stm32f4xx_tim.o(.text)
    TIM_ClearOC3Ref                          0x08003f45   Thumb Code    18  stm32f4xx_tim.o(.text)
    TIM_ClearOC4Ref                          0x08003f57   Thumb Code    24  stm32f4xx_tim.o(.text)
    TIM_OC1PolarityConfig                    0x08003f6f   Thumb Code    18  stm32f4xx_tim.o(.text)
    TIM_OC1NPolarityConfig                   0x08003f81   Thumb Code    18  stm32f4xx_tim.o(.text)
    TIM_OC2PolarityConfig                    0x08003f93   Thumb Code    26  stm32f4xx_tim.o(.text)
    TIM_OC2NPolarityConfig                   0x08003fad   Thumb Code    26  stm32f4xx_tim.o(.text)
    TIM_OC3PolarityConfig                    0x08003fc7   Thumb Code    26  stm32f4xx_tim.o(.text)
    TIM_OC3NPolarityConfig                   0x08003fe1   Thumb Code    26  stm32f4xx_tim.o(.text)
    TIM_OC4PolarityConfig                    0x08003ffb   Thumb Code    26  stm32f4xx_tim.o(.text)
    TIM_CCxCmd                               0x08004015   Thumb Code    30  stm32f4xx_tim.o(.text)
    TIM_CCxNCmd                              0x08004033   Thumb Code    30  stm32f4xx_tim.o(.text)
    TIM_SetIC4Prescaler                      0x08004051   Thumb Code    26  stm32f4xx_tim.o(.text)
    TIM_SetIC3Prescaler                      0x080040bb   Thumb Code    18  stm32f4xx_tim.o(.text)
    TIM_SetIC2Prescaler                      0x08004115   Thumb Code    26  stm32f4xx_tim.o(.text)
    TIM_SetIC1Prescaler                      0x08004189   Thumb Code    18  stm32f4xx_tim.o(.text)
    TIM_ICInit                               0x080041d5   Thumb Code   110  stm32f4xx_tim.o(.text)
    TIM_ICStructInit                         0x08004243   Thumb Code    18  stm32f4xx_tim.o(.text)
    TIM_PWMIConfig                           0x08004255   Thumb Code   124  stm32f4xx_tim.o(.text)
    TIM_GetCapture1                          0x080042d1   Thumb Code     6  stm32f4xx_tim.o(.text)
    TIM_GetCapture2                          0x080042d7   Thumb Code     6  stm32f4xx_tim.o(.text)
    TIM_GetCapture3                          0x080042dd   Thumb Code     6  stm32f4xx_tim.o(.text)
    TIM_GetCapture4                          0x080042e3   Thumb Code     6  stm32f4xx_tim.o(.text)
    TIM_BDTRConfig                           0x080042e9   Thumb Code    32  stm32f4xx_tim.o(.text)
    TIM_BDTRStructInit                       0x08004309   Thumb Code    18  stm32f4xx_tim.o(.text)
    TIM_CtrlPWMOutputs                       0x0800431b   Thumb Code    30  stm32f4xx_tim.o(.text)
    TIM_SelectCOM                            0x08004339   Thumb Code    24  stm32f4xx_tim.o(.text)
    TIM_CCPreloadControl                     0x08004351   Thumb Code    24  stm32f4xx_tim.o(.text)
    TIM_ITConfig                             0x08004369   Thumb Code    18  stm32f4xx_tim.o(.text)
    TIM_GenerateEvent                        0x0800437b   Thumb Code     4  stm32f4xx_tim.o(.text)
    TIM_GetFlagStatus                        0x0800437f   Thumb Code    18  stm32f4xx_tim.o(.text)
    TIM_ClearFlag                            0x08004391   Thumb Code     6  stm32f4xx_tim.o(.text)
    TIM_GetITStatus                          0x08004397   Thumb Code    34  stm32f4xx_tim.o(.text)
    TIM_ClearITPendingBit                    0x080043b9   Thumb Code     6  stm32f4xx_tim.o(.text)
    TIM_DMAConfig                            0x080043bf   Thumb Code    10  stm32f4xx_tim.o(.text)
    TIM_DMACmd                               0x080043c9   Thumb Code    18  stm32f4xx_tim.o(.text)
    TIM_SelectCCDMA                          0x080043db   Thumb Code    24  stm32f4xx_tim.o(.text)
    TIM_InternalClockConfig                  0x080043f3   Thumb Code    12  stm32f4xx_tim.o(.text)
    TIM_SelectInputTrigger                   0x080043ff   Thumb Code    18  stm32f4xx_tim.o(.text)
    TIM_ITRxExternalClockConfig              0x08004411   Thumb Code    24  stm32f4xx_tim.o(.text)
    TIM_TIxExternalClockConfig               0x08004429   Thumb Code    62  stm32f4xx_tim.o(.text)
    TIM_ETRConfig                            0x08004467   Thumb Code    28  stm32f4xx_tim.o(.text)
    TIM_ETRClockMode1Config                  0x08004483   Thumb Code    54  stm32f4xx_tim.o(.text)
    TIM_ETRClockMode2Config                  0x080044b9   Thumb Code    32  stm32f4xx_tim.o(.text)
    TIM_SelectOutputTrigger                  0x080044d9   Thumb Code    18  stm32f4xx_tim.o(.text)
    TIM_SelectSlaveMode                      0x080044eb   Thumb Code    18  stm32f4xx_tim.o(.text)
    TIM_SelectMasterSlaveMode                0x080044fd   Thumb Code    18  stm32f4xx_tim.o(.text)
    TIM_EncoderInterfaceConfig               0x0800450f   Thumb Code    66  stm32f4xx_tim.o(.text)
    TIM_SelectHallSensor                     0x08004551   Thumb Code    24  stm32f4xx_tim.o(.text)
    TIM_RemapConfig                          0x08004569   Thumb Code     6  stm32f4xx_tim.o(.text)
    RCC_DeInit                               0x08004571   Thumb Code    60  stm32f4xx_rcc.o(.text)
    RCC_HSEConfig                            0x080045ad   Thumb Code    14  stm32f4xx_rcc.o(.text)
    RCC_GetFlagStatus                        0x080045bb   Thumb Code    60  stm32f4xx_rcc.o(.text)
    RCC_WaitForHSEStartUp                    0x080045f7   Thumb Code    56  stm32f4xx_rcc.o(.text)
    RCC_AdjustHSICalibrationValue            0x0800462f   Thumb Code    20  stm32f4xx_rcc.o(.text)
    RCC_HSICmd                               0x08004643   Thumb Code     6  stm32f4xx_rcc.o(.text)
    RCC_LSEConfig                            0x08004649   Thumb Code    46  stm32f4xx_rcc.o(.text)
    RCC_LSICmd                               0x08004677   Thumb Code     6  stm32f4xx_rcc.o(.text)
    RCC_PLLConfig                            0x0800467d   Thumb Code    32  stm32f4xx_rcc.o(.text)
    RCC_PLLCmd                               0x0800469d   Thumb Code     6  stm32f4xx_rcc.o(.text)
    RCC_PLLI2SConfig                         0x080046a3   Thumb Code    14  stm32f4xx_rcc.o(.text)
    RCC_PLLI2SCmd                            0x080046b1   Thumb Code     6  stm32f4xx_rcc.o(.text)
    RCC_ClockSecuritySystemCmd               0x080046b7   Thumb Code     6  stm32f4xx_rcc.o(.text)
    RCC_MCO1Config                           0x080046bd   Thumb Code    28  stm32f4xx_rcc.o(.text)
    RCC_MCO2Config                           0x080046d9   Thumb Code    28  stm32f4xx_rcc.o(.text)
    RCC_SYSCLKConfig                         0x080046f5   Thumb Code    20  stm32f4xx_rcc.o(.text)
    RCC_GetSYSCLKSource                      0x08004709   Thumb Code    12  stm32f4xx_rcc.o(.text)
    RCC_HCLKConfig                           0x08004715   Thumb Code    20  stm32f4xx_rcc.o(.text)
    RCC_PCLK1Config                          0x08004729   Thumb Code    20  stm32f4xx_rcc.o(.text)
    RCC_PCLK2Config                          0x0800473d   Thumb Code    22  stm32f4xx_rcc.o(.text)
    RCC_GetClocksFreq                        0x08004753   Thumb Code   222  stm32f4xx_rcc.o(.text)
    RCC_RTCCLKConfig                         0x08004831   Thumb Code    54  stm32f4xx_rcc.o(.text)
    RCC_RTCCLKCmd                            0x08004867   Thumb Code     8  stm32f4xx_rcc.o(.text)
    RCC_BackupResetCmd                       0x0800486f   Thumb Code     8  stm32f4xx_rcc.o(.text)
    RCC_I2SCLKConfig                         0x08004877   Thumb Code     6  stm32f4xx_rcc.o(.text)
    RCC_AHB1PeriphClockCmd                   0x0800487d   Thumb Code    34  stm32f4xx_rcc.o(.text)
    RCC_AHB2PeriphClockCmd                   0x0800489f   Thumb Code    34  stm32f4xx_rcc.o(.text)
    RCC_AHB3PeriphClockCmd                   0x080048c1   Thumb Code    34  stm32f4xx_rcc.o(.text)
    RCC_APB1PeriphClockCmd                   0x080048e3   Thumb Code    34  stm32f4xx_rcc.o(.text)
    RCC_APB2PeriphClockCmd                   0x08004905   Thumb Code    34  stm32f4xx_rcc.o(.text)
    RCC_AHB1PeriphResetCmd                   0x08004927   Thumb Code    34  stm32f4xx_rcc.o(.text)
    RCC_AHB2PeriphResetCmd                   0x08004949   Thumb Code    72  stm32f4xx_rcc.o(.text)
    RCC_AHB3PeriphResetCmd                   0x08004991   Thumb Code    34  stm32f4xx_rcc.o(.text)
    RCC_APB1PeriphResetCmd                   0x080049b3   Thumb Code    34  stm32f4xx_rcc.o(.text)
    RCC_APB2PeriphResetCmd                   0x080049d5   Thumb Code    34  stm32f4xx_rcc.o(.text)
    RCC_AHB1PeriphClockLPModeCmd             0x080049f7   Thumb Code    34  stm32f4xx_rcc.o(.text)
    RCC_AHB2PeriphClockLPModeCmd             0x08004a19   Thumb Code    34  stm32f4xx_rcc.o(.text)
    RCC_AHB3PeriphClockLPModeCmd             0x08004a3b   Thumb Code    34  stm32f4xx_rcc.o(.text)
    RCC_APB1PeriphClockLPModeCmd             0x08004a5d   Thumb Code    34  stm32f4xx_rcc.o(.text)
    RCC_APB2PeriphClockLPModeCmd             0x08004a7f   Thumb Code    34  stm32f4xx_rcc.o(.text)
    RCC_ITConfig                             0x08004aa1   Thumb Code    34  stm32f4xx_rcc.o(.text)
    RCC_ClearFlag                            0x08004ac3   Thumb Code    18  stm32f4xx_rcc.o(.text)
    RCC_GetITStatus                          0x08004ad5   Thumb Code    22  stm32f4xx_rcc.o(.text)
    RCC_ClearITPendingBit                    0x08004aeb   Thumb Code     8  stm32f4xx_rcc.o(.text)
    CAN_DeInit                               0x08004af9   Thumb Code    50  stm32f4xx_can.o(.text)
    CAN_Init                                 0x08004b2b   Thumb Code   276  stm32f4xx_can.o(.text)
    CAN_FilterInit                           0x08004c3f   Thumb Code   258  stm32f4xx_can.o(.text)
    CAN_StructInit                           0x08004d41   Thumb Code    32  stm32f4xx_can.o(.text)
    CAN_SlaveStartBank                       0x08004d61   Thumb Code    48  stm32f4xx_can.o(.text)
    CAN_DBGFreeze                            0x08004d91   Thumb Code    22  stm32f4xx_can.o(.text)
    CAN_TTComModeCmd                         0x08004da7   Thumb Code   118  stm32f4xx_can.o(.text)
    CAN_Transmit                             0x08004e1d   Thumb Code   304  stm32f4xx_can.o(.text)
    CAN_TransmitStatus                       0x08004f4d   Thumb Code   138  stm32f4xx_can.o(.text)
    CAN_CancelTransmit                       0x08004fd7   Thumb Code    48  stm32f4xx_can.o(.text)
    CAN_Receive                              0x08005007   Thumb Code   240  stm32f4xx_can.o(.text)
    CAN_FIFORelease                          0x080050f7   Thumb Code    22  stm32f4xx_can.o(.text)
    CAN_MessagePending                       0x0800510d   Thumb Code    30  stm32f4xx_can.o(.text)
    CAN_OperatingModeRequest                 0x0800512b   Thumb Code   162  stm32f4xx_can.o(.text)
    CAN_Sleep                                0x080051cd   Thumb Code    30  stm32f4xx_can.o(.text)
    CAN_WakeUp                               0x080051eb   Thumb Code    48  stm32f4xx_can.o(.text)
    CAN_GetLastErrorCode                     0x0800521b   Thumb Code    12  stm32f4xx_can.o(.text)
    CAN_GetReceiveErrorCounter               0x08005227   Thumb Code    10  stm32f4xx_can.o(.text)
    CAN_GetLSBTransmitErrorCounter           0x08005231   Thumb Code    12  stm32f4xx_can.o(.text)
    CAN_ITConfig                             0x0800523d   Thumb Code    18  stm32f4xx_can.o(.text)
    CAN_GetFlagStatus                        0x0800524f   Thumb Code   120  stm32f4xx_can.o(.text)
    CAN_ClearFlag                            0x080052c7   Thumb Code    52  stm32f4xx_can.o(.text)
    CAN_GetITStatus                          0x0800530d   Thumb Code   310  stm32f4xx_can.o(.text)
    CAN_ClearITPendingBit                    0x08005443   Thumb Code   162  stm32f4xx_can.o(.text)
    GPIO_DeInit                              0x080054e9   Thumb Code   220  stm32f4xx_gpio.o(.text)
    GPIO_Init                                0x080055c5   Thumb Code   144  stm32f4xx_gpio.o(.text)
    GPIO_StructInit                          0x08005655   Thumb Code    18  stm32f4xx_gpio.o(.text)
    GPIO_PinLockConfig                       0x08005667   Thumb Code    34  stm32f4xx_gpio.o(.text)
    GPIO_ReadInputDataBit                    0x08005689   Thumb Code    18  stm32f4xx_gpio.o(.text)
    GPIO_ReadInputData                       0x0800569b   Thumb Code     8  stm32f4xx_gpio.o(.text)
    GPIO_ReadOutputDataBit                   0x080056a3   Thumb Code    18  stm32f4xx_gpio.o(.text)
    GPIO_ReadOutputData                      0x080056b5   Thumb Code     8  stm32f4xx_gpio.o(.text)
    GPIO_SetBits                             0x080056bd   Thumb Code     4  stm32f4xx_gpio.o(.text)
    GPIO_ResetBits                           0x080056c1   Thumb Code     4  stm32f4xx_gpio.o(.text)
    GPIO_WriteBit                            0x080056c5   Thumb Code    10  stm32f4xx_gpio.o(.text)
    GPIO_Write                               0x080056cf   Thumb Code     4  stm32f4xx_gpio.o(.text)
    GPIO_ToggleBits                          0x080056d3   Thumb Code     8  stm32f4xx_gpio.o(.text)
    GPIO_PinAFConfig                         0x080056db   Thumb Code    70  stm32f4xx_gpio.o(.text)
    DMA_DeInit                               0x08005745   Thumb Code   324  stm32f4xx_dma.o(.text)
    DMA_Init                                 0x08005889   Thumb Code    82  stm32f4xx_dma.o(.text)
    DMA_StructInit                           0x080058db   Thumb Code    34  stm32f4xx_dma.o(.text)
    DMA_Cmd                                  0x080058fd   Thumb Code    22  stm32f4xx_dma.o(.text)
    DMA_PeriphIncOffsetSizeConfig            0x08005913   Thumb Code    22  stm32f4xx_dma.o(.text)
    DMA_FlowControllerConfig                 0x08005929   Thumb Code    22  stm32f4xx_dma.o(.text)
    DMA_SetCurrDataCounter                   0x0800593f   Thumb Code     4  stm32f4xx_dma.o(.text)
    DMA_GetCurrDataCounter                   0x08005943   Thumb Code     8  stm32f4xx_dma.o(.text)
    DMA_DoubleBufferModeConfig               0x0800594b   Thumb Code    24  stm32f4xx_dma.o(.text)
    DMA_DoubleBufferModeCmd                  0x08005963   Thumb Code    22  stm32f4xx_dma.o(.text)
    DMA_MemoryTargetConfig                   0x08005979   Thumb Code    10  stm32f4xx_dma.o(.text)
    DMA_GetCurrentMemoryTarget               0x08005983   Thumb Code    20  stm32f4xx_dma.o(.text)
    DMA_GetCmdStatus                         0x08005997   Thumb Code    20  stm32f4xx_dma.o(.text)
    DMA_GetFIFOStatus                        0x080059ab   Thumb Code    12  stm32f4xx_dma.o(.text)
    DMA_GetFlagStatus                        0x080059b7   Thumb Code    56  stm32f4xx_dma.o(.text)
    DMA_ClearFlag                            0x080059ef   Thumb Code    40  stm32f4xx_dma.o(.text)
    DMA_ITConfig                             0x08005a17   Thumb Code    58  stm32f4xx_dma.o(.text)
    DMA_GetITStatus                          0x08005a51   Thumb Code    84  stm32f4xx_dma.o(.text)
    DMA_ClearITPendingBit                    0x08005aa5   Thumb Code    40  stm32f4xx_dma.o(.text)
    USART_DeInit                             0x08005aed   Thumb Code   156  stm32f4xx_usart.o(.text)
    USART_Init                               0x08005b89   Thumb Code   204  stm32f4xx_usart.o(.text)
    USART_StructInit                         0x08005c55   Thumb Code    24  stm32f4xx_usart.o(.text)
    USART_ClockInit                          0x08005c6d   Thumb Code    32  stm32f4xx_usart.o(.text)
    USART_ClockStructInit                    0x08005c8d   Thumb Code    12  stm32f4xx_usart.o(.text)
    USART_Cmd                                0x08005c99   Thumb Code    24  stm32f4xx_usart.o(.text)
    USART_SetPrescaler                       0x08005cb1   Thumb Code    16  stm32f4xx_usart.o(.text)
    USART_OverSampling8Cmd                   0x08005cc1   Thumb Code    22  stm32f4xx_usart.o(.text)
    USART_OneBitMethodCmd                    0x08005cd7   Thumb Code    24  stm32f4xx_usart.o(.text)
    USART_SendData                           0x08005cef   Thumb Code     8  stm32f4xx_usart.o(.text)
    USART_ReceiveData                        0x08005cf7   Thumb Code    10  stm32f4xx_usart.o(.text)
    USART_SetAddress                         0x08005d01   Thumb Code    18  stm32f4xx_usart.o(.text)
    USART_ReceiverWakeUpCmd                  0x08005d13   Thumb Code    24  stm32f4xx_usart.o(.text)
    USART_WakeUpConfig                       0x08005d2b   Thumb Code    18  stm32f4xx_usart.o(.text)
    USART_LINBreakDetectLengthConfig         0x08005d3d   Thumb Code    18  stm32f4xx_usart.o(.text)
    USART_LINCmd                             0x08005d4f   Thumb Code    24  stm32f4xx_usart.o(.text)
    USART_SendBreak                          0x08005d67   Thumb Code    10  stm32f4xx_usart.o(.text)
    USART_HalfDuplexCmd                      0x08005d71   Thumb Code    24  stm32f4xx_usart.o(.text)
    USART_SetGuardTime                       0x08005d89   Thumb Code    16  stm32f4xx_usart.o(.text)
    USART_SmartCardCmd                       0x08005d99   Thumb Code    24  stm32f4xx_usart.o(.text)
    USART_SmartCardNACKCmd                   0x08005db1   Thumb Code    24  stm32f4xx_usart.o(.text)
    USART_IrDAConfig                         0x08005dc9   Thumb Code    18  stm32f4xx_usart.o(.text)
    USART_IrDACmd                            0x08005ddb   Thumb Code    24  stm32f4xx_usart.o(.text)
    USART_DMACmd                             0x08005df3   Thumb Code    18  stm32f4xx_usart.o(.text)
    USART_ITConfig                           0x08005e05   Thumb Code    74  stm32f4xx_usart.o(.text)
    USART_GetFlagStatus                      0x08005e4f   Thumb Code    26  stm32f4xx_usart.o(.text)
    USART_ClearFlag                          0x08005e69   Thumb Code    18  stm32f4xx_usart.o(.text)
    USART_GetITStatus                        0x08005e7b   Thumb Code   110  stm32f4xx_usart.o(.text)
    USART_ClearITPendingBit                  0x08005ee9   Thumb Code    30  stm32f4xx_usart.o(.text)
    SystemInit                               0x08005fe5   Thumb Code    88  system_stm32f4xx.o(.text)
    SystemCoreClockUpdate                    0x0800603d   Thumb Code   174  system_stm32f4xx.o(.text)
    Reset_Handler                            0x08006119   Thumb Code     8  startup_stm32f4xx.o(.text)
    SysTick_Handler                          0x08006131   Thumb Code     2  startup_stm32f4xx.o(.text)
    ADC_IRQHandler                           0x08006133   Thumb Code     0  startup_stm32f4xx.o(.text)
    CAN1_RX1_IRQHandler                      0x08006133   Thumb Code     0  startup_stm32f4xx.o(.text)
    CAN1_SCE_IRQHandler                      0x08006133   Thumb Code     0  startup_stm32f4xx.o(.text)
    CAN2_RX1_IRQHandler                      0x08006133   Thumb Code     0  startup_stm32f4xx.o(.text)
    CAN2_SCE_IRQHandler                      0x08006133   Thumb Code     0  startup_stm32f4xx.o(.text)
    CAN2_TX_IRQHandler                       0x08006133   Thumb Code     0  startup_stm32f4xx.o(.text)
    CRYP_IRQHandler                          0x08006133   Thumb Code     0  startup_stm32f4xx.o(.text)
    DCMI_IRQHandler                          0x08006133   Thumb Code     0  startup_stm32f4xx.o(.text)
    DMA1_Stream0_IRQHandler                  0x08006133   Thumb Code     0  startup_stm32f4xx.o(.text)
    DMA1_Stream1_IRQHandler                  0x08006133   Thumb Code     0  startup_stm32f4xx.o(.text)
    DMA1_Stream2_IRQHandler                  0x08006133   Thumb Code     0  startup_stm32f4xx.o(.text)
    DMA1_Stream3_IRQHandler                  0x08006133   Thumb Code     0  startup_stm32f4xx.o(.text)
    DMA1_Stream4_IRQHandler                  0x08006133   Thumb Code     0  startup_stm32f4xx.o(.text)
    DMA1_Stream5_IRQHandler                  0x08006133   Thumb Code     0  startup_stm32f4xx.o(.text)
    DMA1_Stream6_IRQHandler                  0x08006133   Thumb Code     0  startup_stm32f4xx.o(.text)
    DMA1_Stream7_IRQHandler                  0x08006133   Thumb Code     0  startup_stm32f4xx.o(.text)
    DMA2_Stream0_IRQHandler                  0x08006133   Thumb Code     0  startup_stm32f4xx.o(.text)
    DMA2_Stream1_IRQHandler                  0x08006133   Thumb Code     0  startup_stm32f4xx.o(.text)
    DMA2_Stream2_IRQHandler                  0x08006133   Thumb Code     0  startup_stm32f4xx.o(.text)
    DMA2_Stream3_IRQHandler                  0x08006133   Thumb Code     0  startup_stm32f4xx.o(.text)
    DMA2_Stream4_IRQHandler                  0x08006133   Thumb Code     0  startup_stm32f4xx.o(.text)
    DMA2_Stream5_IRQHandler                  0x08006133   Thumb Code     0  startup_stm32f4xx.o(.text)
    DMA2_Stream6_IRQHandler                  0x08006133   Thumb Code     0  startup_stm32f4xx.o(.text)
    DMA2_Stream7_IRQHandler                  0x08006133   Thumb Code     0  startup_stm32f4xx.o(.text)
    ETH_IRQHandler                           0x08006133   Thumb Code     0  startup_stm32f4xx.o(.text)
    ETH_WKUP_IRQHandler                      0x08006133   Thumb Code     0  startup_stm32f4xx.o(.text)
    EXTI0_IRQHandler                         0x08006133   Thumb Code     0  startup_stm32f4xx.o(.text)
    EXTI15_10_IRQHandler                     0x08006133   Thumb Code     0  startup_stm32f4xx.o(.text)
    EXTI1_IRQHandler                         0x08006133   Thumb Code     0  startup_stm32f4xx.o(.text)
    EXTI2_IRQHandler                         0x08006133   Thumb Code     0  startup_stm32f4xx.o(.text)
    EXTI3_IRQHandler                         0x08006133   Thumb Code     0  startup_stm32f4xx.o(.text)
    EXTI4_IRQHandler                         0x08006133   Thumb Code     0  startup_stm32f4xx.o(.text)
    EXTI9_5_IRQHandler                       0x08006133   Thumb Code     0  startup_stm32f4xx.o(.text)
    FLASH_IRQHandler                         0x08006133   Thumb Code     0  startup_stm32f4xx.o(.text)
    FPU_IRQHandler                           0x08006133   Thumb Code     0  startup_stm32f4xx.o(.text)
    FSMC_IRQHandler                          0x08006133   Thumb Code     0  startup_stm32f4xx.o(.text)
    HASH_RNG_IRQHandler                      0x08006133   Thumb Code     0  startup_stm32f4xx.o(.text)
    I2C1_ER_IRQHandler                       0x08006133   Thumb Code     0  startup_stm32f4xx.o(.text)
    I2C1_EV_IRQHandler                       0x08006133   Thumb Code     0  startup_stm32f4xx.o(.text)
    I2C2_ER_IRQHandler                       0x08006133   Thumb Code     0  startup_stm32f4xx.o(.text)
    I2C2_EV_IRQHandler                       0x08006133   Thumb Code     0  startup_stm32f4xx.o(.text)
    I2C3_ER_IRQHandler                       0x08006133   Thumb Code     0  startup_stm32f4xx.o(.text)
    I2C3_EV_IRQHandler                       0x08006133   Thumb Code     0  startup_stm32f4xx.o(.text)
    OTG_FS_IRQHandler                        0x08006133   Thumb Code     0  startup_stm32f4xx.o(.text)
    OTG_FS_WKUP_IRQHandler                   0x08006133   Thumb Code     0  startup_stm32f4xx.o(.text)
    OTG_HS_EP1_IN_IRQHandler                 0x08006133   Thumb Code     0  startup_stm32f4xx.o(.text)
    OTG_HS_EP1_OUT_IRQHandler                0x08006133   Thumb Code     0  startup_stm32f4xx.o(.text)
    OTG_HS_IRQHandler                        0x08006133   Thumb Code     0  startup_stm32f4xx.o(.text)
    OTG_HS_WKUP_IRQHandler                   0x08006133   Thumb Code     0  startup_stm32f4xx.o(.text)
    PVD_IRQHandler                           0x08006133   Thumb Code     0  startup_stm32f4xx.o(.text)
    RCC_IRQHandler                           0x08006133   Thumb Code     0  startup_stm32f4xx.o(.text)
    RTC_Alarm_IRQHandler                     0x08006133   Thumb Code     0  startup_stm32f4xx.o(.text)
    RTC_WKUP_IRQHandler                      0x08006133   Thumb Code     0  startup_stm32f4xx.o(.text)
    SDIO_IRQHandler                          0x08006133   Thumb Code     0  startup_stm32f4xx.o(.text)
    SPI1_IRQHandler                          0x08006133   Thumb Code     0  startup_stm32f4xx.o(.text)
    SPI2_IRQHandler                          0x08006133   Thumb Code     0  startup_stm32f4xx.o(.text)
    SPI3_IRQHandler                          0x08006133   Thumb Code     0  startup_stm32f4xx.o(.text)
    TAMP_STAMP_IRQHandler                    0x08006133   Thumb Code     0  startup_stm32f4xx.o(.text)
    TIM1_BRK_TIM9_IRQHandler                 0x08006133   Thumb Code     0  startup_stm32f4xx.o(.text)
    TIM1_CC_IRQHandler                       0x08006133   Thumb Code     0  startup_stm32f4xx.o(.text)
    TIM1_TRG_COM_TIM11_IRQHandler            0x08006133   Thumb Code     0  startup_stm32f4xx.o(.text)
    TIM1_UP_TIM10_IRQHandler                 0x08006133   Thumb Code     0  startup_stm32f4xx.o(.text)
    TIM3_IRQHandler                          0x08006133   Thumb Code     0  startup_stm32f4xx.o(.text)
    TIM5_IRQHandler                          0x08006133   Thumb Code     0  startup_stm32f4xx.o(.text)
    TIM6_DAC_IRQHandler                      0x08006133   Thumb Code     0  startup_stm32f4xx.o(.text)
    TIM7_IRQHandler                          0x08006133   Thumb Code     0  startup_stm32f4xx.o(.text)
    TIM8_BRK_TIM12_IRQHandler                0x08006133   Thumb Code     0  startup_stm32f4xx.o(.text)
    TIM8_CC_IRQHandler                       0x08006133   Thumb Code     0  startup_stm32f4xx.o(.text)
    TIM8_TRG_COM_TIM14_IRQHandler            0x08006133   Thumb Code     0  startup_stm32f4xx.o(.text)
    TIM8_UP_TIM13_IRQHandler                 0x08006133   Thumb Code     0  startup_stm32f4xx.o(.text)
    UART5_IRQHandler                         0x08006133   Thumb Code     0  startup_stm32f4xx.o(.text)
    USART1_IRQHandler                        0x08006133   Thumb Code     0  startup_stm32f4xx.o(.text)
    USART6_IRQHandler                        0x08006133   Thumb Code     0  startup_stm32f4xx.o(.text)
    WWDG_IRQHandler                          0x08006133   Thumb Code     0  startup_stm32f4xx.o(.text)
    __aeabi_uidiv                            0x0800613d   Thumb Code     0  uidiv.o(.text)
    __aeabi_uidivmod                         0x0800613d   Thumb Code    44  uidiv.o(.text)
    __scatterload                            0x08006169   Thumb Code    28  init.o(.text)
    __scatterload_rt2                        0x08006169   Thumb Code     0  init.o(.text)
    __0printf$1                              0x0800618d   Thumb Code    22  printf1.o(i.__0printf$1)
    __1printf$1                              0x0800618d   Thumb Code     0  printf1.o(i.__0printf$1)
    __2printf                                0x0800618d   Thumb Code     0  printf1.o(i.__0printf$1)
    __scatterload_copy                       0x080061ad   Thumb Code    14  handlers.o(i.__scatterload_copy)
    __scatterload_null                       0x080061bb   Thumb Code     2  handlers.o(i.__scatterload_null)
    __scatterload_zeroinit                   0x080061bd   Thumb Code    14  handlers.o(i.__scatterload_zeroinit)
    Region$$Table$$Base                      0x080063a8   Number         0  anon$$obj.o(Region$$Table)
    Region$$Table$$Limit                     0x080063c8   Number         0  anon$$obj.o(Region$$Table)
    timer2_flag                              0x20000000   Data           4  timer.o(.data)
    motor_speed                              0x20000004   Data           8  can1.o(.data)
    motor_encoder                            0x2000000c   Data           8  can1.o(.data)
    upper_speed                              0x20000014   Data           2  can1.o(.data)
    upper_encoder                            0x20000016   Data           2  can1.o(.data)
    trailer_speed                            0x20000018   Data           2  can1.o(.data)
    trailer_encoder                          0x2000001a   Data           2  can1.o(.data)
    photoswitch1                             0x2000001c   Data           1  can2.o(.data)
    photoswitch2                             0x2000001d   Data           1  can2.o(.data)
    take                                     0x2000001e   Data           1  can2.o(.data)
    UART4temp                                0x2000001f   Data           1  uart4.o(.data)
    Rx_data_3                                0x20000020   Data           1  usart3.o(.data)
    Rx_data_2                                0x20000021   Data           1  usart2.o(.data)
    locked_rotor_1ms                         0x20000024   Data           4  motor.o(.data)
    Sv_1                                     0x20000028   Data           4  motor.o(.data)
    up_down_1mm                              0x2000002c   Data           4  up_down.o(.data)
    up_down_flag                             0x20000030   Data           4  up_down.o(.data)
    flag_upper_prop                          0x20000034   Data           4  up_down.o(.data)
    up_down_locked_rotor                     0x20000038   Data           4  up_down.o(.data)
    up_down_motor_encoder_now                0x2000003c   Data           4  up_down.o(.data)
    up_down_motor_encoder_last               0x20000040   Data           4  up_down.o(.data)
    up_down_motor_flag                       0x20000044   Data           4  up_down.o(.data)
    up_down_touchness                        0x20000048   Data           4  up_down.o(.data)
    up_pillar_touchness                      0x2000004c   Data           4  up_down.o(.data)
    up_pillar                                0x20000050   Data           4  up_down.o(.data)
    flag_Cylinder1                           0x20000054   Data           4  up_down.o(.data)
    flag_Cylinder2                           0x20000058   Data           4  up_down.o(.data)
    flag_Cylinder_time                       0x2000005c   Data           4  up_down.o(.data)
    flag_take                                0x20000060   Data           4  up_down.o(.data)
    flag_repristination                      0x20000064   Data           4  up_down.o(.data)
    flag_up_pillar_claw                      0x20000068   Data           4  up_down.o(.data)
    pid_201_locked_rotor                     0x2000006c   Data           4  chassis.o(.data)
    pid_202_locked_rotor                     0x20000070   Data           4  chassis.o(.data)
    pid_203_locked_rotor                     0x20000074   Data           4  chassis.o(.data)
    pid_204_locked_rotor                     0x20000078   Data           4  chassis.o(.data)
    left_front                               0x2000007c   Data           4  chassis.o(.data)
    right_front                              0x20000080   Data           4  chassis.o(.data)
    left_back                                0x20000084   Data           4  chassis.o(.data)
    right_back                               0x20000088   Data           4  chassis.o(.data)
    speed_x                                  0x2000008c   Data           4  chassis.o(.data)
    speed_y                                  0x20000090   Data           4  chassis.o(.data)
    rock_direction                           0x20000094   Data           4  chassis.o(.data)
    flag_photoswitch                         0x20000098   Data           4  chassis.o(.data)
    flag_KEY_W                               0x2000009c   Data           4  chassis.o(.data)
    KEY_W_time                               0x200000a0   Data           4  chassis.o(.data)
    back                                     0x200000a4   Data           4  chassis.o(.data)
    take_flag                                0x200000a8   Data           4  chassis.o(.data)
    move_r_l_flag                            0x200000ac   Data           4  chassis.o(.data)
    auto_move_flag                           0x200000b0   Data           4  chassis.o(.data)
    auto_control_flag                        0x200000b4   Data           1  chassis.o(.data)
    flag_rotate_180                          0x200000b8   Data           4  chassis.o(.data)
    flag_rotate_1ms                          0x200000bc   Data           4  chassis.o(.data)
    flag_low_speed                           0x200000c0   Data           4  chassis.o(.data)
    flag_brake                               0x200000c4   Data           4  chassis.o(.data)
    brake_1ms                                0x200000c8   Data           4  chassis.o(.data)
    flag_brake_r_l                           0x200000cc   Data           4  chassis.o(.data)
    trailer_encoder_now                      0x200000d0   Data           4  trailer.o(.data)
    trailer_encoder_last                     0x200000d4   Data           4  trailer.o(.data)
    flag_trailer_encoder                     0x200000d8   Data           1  trailer.o(.data)
    flag_trailer_motor                       0x200000d9   Data           1  trailer.o(.data)
    flag_trailer                             0x200000da   Data           1  trailer.o(.data)
    flag_trailer_cancel                      0x200000db   Data           1  trailer.o(.data)
    trailer_locked_rotor                     0x200000dc   Data           1  trailer.o(.data)
    trailer_locked_rotor_1ms                 0x200000dd   Data           1  trailer.o(.data)
    SystemCoreClock                          0x200000f0   Data           4  system_stm32f4xx.o(.data)
    AHBPrescTable                            0x200000f4   Data          16  system_stm32f4xx.o(.data)
    __stdout                                 0x20000104   Data           4  stdout.o(.data)
    intial_encoder                           0x20000108   Data          12  main.o(.bss)
    RC_Ctl                                   0x20000114   Data          20  uart4.o(.bss)
    sbus_rx_buffer                           0x20000128   Data          19  uart4.o(.bss)
    pid_up_down                              0x2000013c   Data          80  up_down.o(.bss)
    pid_200                                  0x2000018c   Data         160  chassis.o(.bss)
    speed_transition                         0x2000022c   Data          16  chassis.o(.bss)
    pid_trailer                              0x2000023c   Data          80  trailer.o(.bss)
    __initial_sp                             0x20000690   Data           0  startup_stm32f4xx.o(STACK)



==============================================================================

Memory Map of the image

  Image Entry point : 0x08000189

  Load Region LR_IROM1 (Base: 0x08000000, Size: 0x000064d0, Max: 0x00080000, ABSOLUTE)

    Execution Region ER_IROM1 (Base: 0x08000000, Size: 0x000063c8, Max: 0x00080000, ABSOLUTE)

    Base Addr    Size         Type   Attr      Idx    E Section Name        Object

    0x08000000   0x00000188   Data   RO          865    RESET               startup_stm32f4xx.o
    0x08000188   0x00000000   Code   RO          893  * .ARM.Collect$$$$00000000  mc_w.l(entry.o)
    0x08000188   0x00000004   Code   RO         1157    .ARM.Collect$$$$00000001  mc_w.l(entry2.o)
    0x0800018c   0x00000004   Code   RO         1160    .ARM.Collect$$$$00000004  mc_w.l(entry5.o)
    0x08000190   0x00000000   Code   RO         1162    .ARM.Collect$$$$00000008  mc_w.l(entry7b.o)
    0x08000190   0x00000000   Code   RO         1164    .ARM.Collect$$$$0000000A  mc_w.l(entry8b.o)
    0x08000190   0x00000008   Code   RO         1165    .ARM.Collect$$$$0000000B  mc_w.l(entry9a.o)
    0x08000198   0x00000000   Code   RO         1167    .ARM.Collect$$$$0000000D  mc_w.l(entry10a.o)
    0x08000198   0x00000000   Code   RO         1169    .ARM.Collect$$$$0000000F  mc_w.l(entry11a.o)
    0x08000198   0x00000004   Code   RO         1158    .ARM.Collect$$$$00002712  mc_w.l(entry2.o)
    0x0800019c   0x000000a0   Code   RO            3    .text               main.o
    0x0800023c   0x00000018   Code   RO          164    .text               stm32f4xx_it.o
    0x08000254   0x0000001c   Code   RO          187    .text               bsp.o
    0x08000270   0x00000070   Code   RO          231    .text               air_cylinder.o
    0x080002e0   0x0000008c   Code   RO          275    .text               key.o
    0x0800036c   0x00000036   Code   RO          295    .text               delay.o
    0x080003a2   0x00000002   PAD
    0x080003a4   0x00000088   Code   RO          315    .text               timer.o
    0x0800042c   0x00000080   Code   RO          338    .text               tim4.o
    0x080004ac   0x0000030c   Code   RO          408    .text               can1.o
    0x080007b8   0x000001e4   Code   RO          434    .text               can2.o
    0x0800099c   0x00000284   Code   RO          460    .text               uart4.o
    0x08000c20   0x000001d4   Code   RO          487    .text               usart3.o
    0x08000df4   0x00000204   Code   RO          510    .text               usart2.o
    0x08000ff8   0x0000025c   Code   RO          533    .text               motor.o
    0x08001254   0x00000e78   Code   RO          556    .text               up_down.o
    0x080020cc   0x00001144   Code   RO          583    .text               chassis.o
    0x08003210   0x000005dc   Code   RO          610    .text               trailer.o
    0x080037ec   0x000000e0   Code   RO          637    .text               misc.o
    0x080038cc   0x00000ca2   Code   RO          657    .text               stm32f4xx_tim.o
    0x0800456e   0x00000002   PAD
    0x08004570   0x00000588   Code   RO          697    .text               stm32f4xx_rcc.o
    0x08004af8   0x000009f0   Code   RO          719    .text               stm32f4xx_can.o
    0x080054e8   0x0000025c   Code   RO          759    .text               stm32f4xx_gpio.o
    0x08005744   0x000003a8   Code   RO          779    .text               stm32f4xx_dma.o
    0x08005aec   0x0000041a   Code   RO          799    .text               stm32f4xx_usart.o
    0x08005f06   0x00000002   PAD
    0x08005f08   0x00000210   Code   RO          839    .text               system_stm32f4xx.o
    0x08006118   0x00000024   Code   RO          866    .text               startup_stm32f4xx.o
    0x0800613c   0x0000002c   Code   RO         1172    .text               mc_w.l(uidiv.o)
    0x08006168   0x00000024   Code   RO         1187    .text               mc_w.l(init.o)
    0x0800618c   0x00000020   Code   RO          941    i.__0printf$1       mc_w.l(printf1.o)
    0x080061ac   0x0000000e   Code   RO         1199    i.__scatterload_copy  mc_w.l(handlers.o)
    0x080061ba   0x00000002   Code   RO         1200    i.__scatterload_null  mc_w.l(handlers.o)
    0x080061bc   0x0000000e   Code   RO         1201    i.__scatterload_zeroinit  mc_w.l(handlers.o)
    0x080061ca   0x00000002   PAD
    0x080061cc   0x00000154   Code   RO          948    i._printf_core      mc_w.l(printf1.o)
    0x08006320   0x00000086   Data   RO            5    .conststring        main.o
    0x080063a6   0x00000002   PAD
    0x080063a8   0x00000020   Data   RO         1197    Region$$Table       anon$$obj.o


    Execution Region RW_IRAM1 (Base: 0x20000000, Size: 0x00000690, Max: 0x00020000, ABSOLUTE)

    Base Addr    Size         Type   Attr      Idx    E Section Name        Object

    0x20000000   0x00000004   Data   RW          316    .data               timer.o
    0x20000004   0x00000018   Data   RW          409    .data               can1.o
    0x2000001c   0x00000003   Data   RW          435    .data               can2.o
    0x2000001f   0x00000001   Data   RW          462    .data               uart4.o
    0x20000020   0x00000001   Data   RW          488    .data               usart3.o
    0x20000021   0x00000001   Data   RW          511    .data               usart2.o
    0x20000022   0x00000002   PAD
    0x20000024   0x00000008   Data   RW          534    .data               motor.o
    0x2000002c   0x00000040   Data   RW          558    .data               up_down.o
    0x2000006c   0x00000064   Data   RW          585    .data               chassis.o
    0x200000d0   0x0000000e   Data   RW          612    .data               trailer.o
    0x200000de   0x00000010   Data   RW          698    .data               stm32f4xx_rcc.o
    0x200000ee   0x00000002   PAD
    0x200000f0   0x00000014   Data   RW          840    .data               system_stm32f4xx.o
    0x20000104   0x00000004   Data   RW         1171    .data               mc_w.l(stdout.o)
    0x20000108   0x0000000c   Zero   RW            4    .bss                main.o
    0x20000114   0x00000027   Zero   RW          461    .bss                uart4.o
    0x2000013b   0x00000001   PAD
    0x2000013c   0x00000050   Zero   RW          557    .bss                up_down.o
    0x2000018c   0x000000b0   Zero   RW          584    .bss                chassis.o
    0x2000023c   0x00000050   Zero   RW          611    .bss                trailer.o
    0x2000028c   0x00000004   PAD
    0x20000290   0x00000400   Zero   RW          863    STACK               startup_stm32f4xx.o


==============================================================================

Image component sizes


      Code (inc. data)   RO Data    RW Data    ZI Data      Debug   Object Name

       112         10          0          0          0        780   air_cylinder.o
        28          0          0          0          0        455   bsp.o
       780         40          0         24          0       2697   can1.o
       484         20          0          3          0       2028   can2.o
      4420        328          0        100        176       5821   chassis.o
        54          0          0          0          0        784   delay.o
       140         12          0          0          0        572   key.o
       160         32        134          0         12     281905   main.o
       224         20          0          0          0       1793   misc.o
       604         36          0          8          0       2842   motor.o
        36          8        392          0       1024        816   startup_stm32f4xx.o
      2544         38          0          0          0       8120   stm32f4xx_can.o
       936         32          0          0          0       6365   stm32f4xx_dma.o
       604         36          0          0          0       4105   stm32f4xx_gpio.o
        24          0          0          0          0       1130   stm32f4xx_it.o
      1416         48          0         16          0      11007   stm32f4xx_rcc.o
      3234         60          0          0          0      22988   stm32f4xx_tim.o
      1050         26          0          0          0       7832   stm32f4xx_usart.o
       528         46          0         20          0       1811   system_stm32f4xx.o
       128          6          0          0          0        713   tim4.o
       136          6          0          4          0        911   timer.o
      1500        132          0         14         80       2680   trailer.o
       644         34          0          1         39       3109   uart4.o
      3704        302          0         64         80       4626   up_down.o
       516         32          0          1          0       1531   usart2.o
       468         32          0          1          0       1325   usart3.o

    ----------------------------------------------------------------------
     24480       1336        560        260       1416     378746   Object Totals
         0          0         32          0          0          0   (incl. Generated)
         6          0          2          4          5          0   (incl. Padding)

    ----------------------------------------------------------------------

      Code (inc. data)   RO Data    RW Data    ZI Data      Debug   Library Member Name

         0          0          0          0          0          0   entry.o
         0          0          0          0          0          0   entry10a.o
         0          0          0          0          0          0   entry11a.o
         8          4          0          0          0          0   entry2.o
         4          0          0          0          0          0   entry5.o
         0          0          0          0          0          0   entry7b.o
         0          0          0          0          0          0   entry8b.o
         8          4          0          0          0          0   entry9a.o
        30          0          0          0          0          0   handlers.o
        36          8          0          0          0         68   init.o
       372         14          0          0          0        184   printf1.o
         0          0          0          4          0          0   stdout.o
        44          0          0          0          0         80   uidiv.o

    ----------------------------------------------------------------------
       504         30          0          4          0        332   Library Totals
         2          0          0          0          0          0   (incl. Padding)

    ----------------------------------------------------------------------

      Code (inc. data)   RO Data    RW Data    ZI Data      Debug   Library Name

       502         30          0          4          0        332   mc_w.l

    ----------------------------------------------------------------------
       504         30          0          4          0        332   Library Totals

    ----------------------------------------------------------------------

==============================================================================


      Code (inc. data)   RO Data    RW Data    ZI Data      Debug   

     24984       1366        560        264       1416     375030   Grand Totals
     24984       1366        560        264       1416     375030   ELF Image Totals
     24984       1366        560        264          0          0   ROM Totals

==============================================================================

    Total RO  Size (Code + RO Data)                25544 (  24.95kB)
    Total RW  Size (RW Data + ZI Data)              1680 (   1.64kB)
    Total ROM Size (Code + RO Data + RW Data)      25808 (  25.20kB)

==============================================================================

